Archive member included to satisfy reference by file (symbol)

app/libapp.a(main.cpp.obj)    (--whole-archive)
zephyr/libzephyr.a(cbprintf.c.obj)
                              (--whole-archive)
zephyr/libzephyr.a(cbprintf_packaged.c.obj)
                              (--whole-archive)
zephyr/libzephyr.a(crc32c_sw.c.obj)
                              (--whole-archive)
zephyr/libzephyr.a(crc32_sw.c.obj)
                              (--whole-archive)
zephyr/libzephyr.a(crc16_sw.c.obj)
                              (--whole-archive)
zephyr/libzephyr.a(crc8_sw.c.obj)
                              (--whole-archive)
zephyr/libzephyr.a(crc7_sw.c.obj)
                              (--whole-archive)
zephyr/libzephyr.a(dec.c.obj)
                              (--whole-archive)
zephyr/libzephyr.a(fdtable.c.obj)
                              (--whole-archive)
zephyr/libzephyr.a(hex.c.obj)
                              (--whole-archive)
zephyr/libzephyr.a(notify.c.obj)
                              (--whole-archive)
zephyr/libzephyr.a(printk.c.obj)
                              (--whole-archive)
zephyr/libzephyr.a(onoff.c.obj)
                              (--whole-archive)
zephyr/libzephyr.a(rb.c.obj)  (--whole-archive)
zephyr/libzephyr.a(sem.c.obj)
                              (--whole-archive)
zephyr/libzephyr.a(thread_entry.c.obj)
                              (--whole-archive)
zephyr/libzephyr.a(timeutil.c.obj)
                              (--whole-archive)
zephyr/libzephyr.a(heap.c.obj)
                              (--whole-archive)
zephyr/libzephyr.a(heap-validate.c.obj)
                              (--whole-archive)
zephyr/libzephyr.a(bitarray.c.obj)
                              (--whole-archive)
zephyr/libzephyr.a(multi_heap.c.obj)
                              (--whole-archive)
zephyr/libzephyr.a(cbprintf_complete.c.obj)
                              (--whole-archive)
zephyr/libzephyr.a(assert.c.obj)
                              (--whole-archive)
zephyr/libzephyr.a(configs.c.obj)
                              (--whole-archive)
zephyr/libzephyr.a(tracing_none.c.obj)
                              (--whole-archive)
zephyr/arch/common/libarch__common.a(sw_isr_common.c.obj)
                              (--whole-archive)
zephyr/arch/arch/arm/core/aarch32/libarch__arm__core__aarch32.a(cpu_idle.S.obj)
                              (--whole-archive)
zephyr/arch/arch/arm/core/aarch32/libarch__arm__core__aarch32.a(fatal.c.obj)
                              (--whole-archive)
zephyr/arch/arch/arm/core/aarch32/libarch__arm__core__aarch32.a(irq_manage.c.obj)
                              (--whole-archive)
zephyr/arch/arch/arm/core/aarch32/libarch__arm__core__aarch32.a(nmi.c.obj)
                              (--whole-archive)
zephyr/arch/arch/arm/core/aarch32/libarch__arm__core__aarch32.a(nmi_on_reset.S.obj)
                              (--whole-archive)
zephyr/arch/arch/arm/core/aarch32/libarch__arm__core__aarch32.a(prep_c.c.obj)
                              (--whole-archive)
zephyr/arch/arch/arm/core/aarch32/libarch__arm__core__aarch32.a(swap.c.obj)
                              (--whole-archive)
zephyr/arch/arch/arm/core/aarch32/libarch__arm__core__aarch32.a(swap_helper.S.obj)
                              (--whole-archive)
zephyr/arch/arch/arm/core/aarch32/libarch__arm__core__aarch32.a(thread.c.obj)
                              (--whole-archive)
zephyr/arch/arch/arm/core/aarch32/libarch__arm__core__aarch32.a(isr_wrapper.S.obj)
                              (--whole-archive)
zephyr/arch/arch/arm/core/aarch32/cortex_m/libarch__arm__core__aarch32__cortex_m.a(exc_exit.S.obj)
                              (--whole-archive)
zephyr/arch/arch/arm/core/aarch32/cortex_m/libarch__arm__core__aarch32__cortex_m.a(fault.c.obj)
                              (--whole-archive)
zephyr/arch/arch/arm/core/aarch32/cortex_m/libarch__arm__core__aarch32__cortex_m.a(fault_s.S.obj)
                              (--whole-archive)
zephyr/arch/arch/arm/core/aarch32/cortex_m/libarch__arm__core__aarch32__cortex_m.a(fpu.c.obj)
                              (--whole-archive)
zephyr/arch/arch/arm/core/aarch32/cortex_m/libarch__arm__core__aarch32__cortex_m.a(irq_init.c.obj)
                              (--whole-archive)
zephyr/arch/arch/arm/core/aarch32/cortex_m/libarch__arm__core__aarch32__cortex_m.a(reset.S.obj)
                              (--whole-archive)
zephyr/arch/arch/arm/core/aarch32/cortex_m/libarch__arm__core__aarch32__cortex_m.a(scb.c.obj)
                              (--whole-archive)
zephyr/arch/arch/arm/core/aarch32/cortex_m/libarch__arm__core__aarch32__cortex_m.a(thread_abort.c.obj)
                              (--whole-archive)
zephyr/arch/arch/arm/core/aarch32/cortex_m/libarch__arm__core__aarch32__cortex_m.a(vector_table.S.obj)
                              (--whole-archive)
zephyr/lib/libc/minimal/liblib__libc__minimal.a(abort.c.obj)
                              (--whole-archive)
[...]
Memory Configuration

Name             Origin             Length             Attributes
BOOT_FLASH       0x0000000010000000 0x0000000000000100 r
FLASH            0x0000000010000100 0x00000000001fff00 xr
SRAM             0x0000000020000000 0x0000000000042000 xw
IDT_LIST         0x00000000fffff7ff 0x0000000000000800 xw
*default*        0x0000000000000000 0xffffffffffffffff

Linker script and memory map

LOAD zephyr/CMakeFiles/zephyr_final.dir/misc/empty_file.c.obj
LOAD zephyr/CMakeFiles/zephyr_final.dir/dev_handles.c.obj
LOAD zephyr/CMakeFiles/zephyr_final.dir/isr_tables.c.obj
LOAD zephyr/CMakeFiles/offsets.dir/./arch/arm/core/offsets/offsets.c.obj

.boot2
 *(SORT_BY_ALIGNMENT(.boot2))
                0x0000000000000004                _region_min_align = 0x4

.rel.plt        0x0000000010000000        0x0
 *(SORT_BY_ALIGNMENT(.rel.plt))
                [!provide]                        PROVIDE (__rel_iplt_start = .)
 *(SORT_BY_ALIGNMENT(.rel.iplt))
 .rel.iplt      0x0000000010000000        0x0 zephyr/CMakeFiles/zephyr_final.dir/isr_tables.c.obj
                [!provide]                        PROVIDE (__rel_iplt_end = .)

.rela.plt       0x0000000000000000        0x0
 *(SORT_BY_ALIGNMENT(.rela.plt))
                [!provide]                        PROVIDE (__rela_iplt_start = .)
 *(SORT_BY_ALIGNMENT(.rela.iplt))
                [!provide]                        PROVIDE (__rela_iplt_end = .)

.rel.dyn
 *(SORT_BY_ALIGNMENT(.rel.*))

.rela.dyn
 *(SORT_BY_ALIGNMENT(.rela.*))

/DISCARD/
 *(SORT_BY_ALIGNMENT(.plt))
 *(SORT_BY_ALIGNMENT(.iplt))
 *(SORT_BY_ALIGNMENT(.got.plt))
 *(SORT_BY_ALIGNMENT(.igot.plt))
 *(SORT_BY_ALIGNMENT(.got))
 *(SORT_BY_ALIGNMENT(.igot))
 *(SORT_BY_ALIGNMENT(.irq_info*))
 *(SORT_BY_ALIGNMENT(.intList*))
 *(SORT_BY_ALIGNMENT(.note.GNU-stack))
                0x0000000010000100                __rom_region_start = 0x10000100

rom_start       0x0000000010000100       0xa8
                0x0000000000000000                . = 0x0
                0x0000000000000000                . = ALIGN (0x4)
                0x0000000000000000                . = ALIGN (0x100)
                0x0000000000000000                . = ALIGN (0x100)
                0x0000000010000100                _vector_start = .
 *(SORT_BY_ALIGNMENT(.exc_vector_table))
 *(SORT_BY_ALIGNMENT(.exc_vector_table.*))
 .exc_vector_table._vector_table_section
                0x0000000010000100       0x40 zephyr/arch/arch/arm/core/aarch32/cortex_m/libarch__arm__core__aarch32__cortex_m.a(vector_table.S.obj)
                0x0000000010000100                _vector_table
 *(SORT_BY_ALIGNMENT(.gnu.linkonce.irq_vector_table*))
 .gnu.linkonce.irq_vector_table
                0x0000000010000140       0x68 zephyr/CMakeFiles/zephyr_final.dir/isr_tables.c.obj
                0x0000000010000140                _irq_vector_table
 *(SORT_BY_ALIGNMENT(.vectors))
                0x00000000100001a8                _vector_end = .

text            0x00000000100001a8     0x2616
                0x00000000100001a8                __text_region_start = .
 *(SORT_BY_ALIGNMENT(.text))
 .text          0x00000000100001a8       0x14 c:/users/ecosh/documents/zephyr-sdk-0.14.2/zephyr-sdk-0.14.2/arm-zephyr-eabi/bin/../lib/gcc/arm-zephyr-eabi/10.3.0/thumb/v6-m/nofp\libgcc.a(_thumb1_case_sqi.o)
                0x00000000100001a8                __gnu_thumb1_case_sqi
 .text          0x00000000100001bc       0x14 c:/users/ecosh/documents/zephyr-sdk-0.14.2/zephyr-sdk-0.14.2/arm-zephyr-eabi/bin/../lib/gcc/arm-zephyr-eabi/10.3.0/thumb/v6-m/nofp\libgcc.a(_thumb1_case_uqi.o)
                0x00000000100001bc                __gnu_thumb1_case_uqi
 .text          0x00000000100001d0       0x14 c:/users/ecosh/documents/zephyr-sdk-0.14.2/zephyr-sdk-0.14.2/arm-zephyr-eabi/bin/../lib/gcc/arm-zephyr-eabi/10.3.0/thumb/v6-m/nofp\libgcc.a(_thumb1_case_shi.o)
                0x00000000100001d0                __gnu_thumb1_case_shi
 .text          0x00000000100001e4       0x8c c:/users/ecosh/documents/zephyr-sdk-0.14.2/zephyr-sdk-0.14.2/arm-zephyr-eabi/bin/../lib/gcc/arm-zephyr-eabi/10.3.0/thumb/v6-m/nofp\libgcc.a(_udivsi3.o)
                0x00000000100001e4                __aeabi_uidiv
                0x00000000100001e4                __udivsi3
                0x000000001000025c                __aeabi_uidivmod
 .text          0x0000000010000270        0x4 c:/users/ecosh/documents/zephyr-sdk-0.14.2/zephyr-sdk-0.14.2/arm-zephyr-eabi/bin/../lib/gcc/arm-zephyr-eabi/10.3.0/thumb/v6-m/nofp\libgcc.a(_dvmd_tls.o)
                0x0000000010000270                __aeabi_idiv0
                0x0000000010000270                __aeabi_ldiv0
 .text          0x0000000010000274       0x3c c:/users/ecosh/documents/zephyr-sdk-0.14.2/zephyr-sdk-0.14.2/arm-zephyr-eabi/bin/../lib/gcc/arm-zephyr-eabi/10.3.0/thumb/v6-m/nofp\libgcc.a(_clzsi2.o)
                0x0000000010000274                __clzsi2
 .text          0x00000000100002b0       0x40 c:/users/ecosh/documents/zephyr-sdk-0.14.2/zephyr-sdk-0.14.2/arm-zephyr-eabi/bin/../lib/gcc/arm-zephyr-eabi/10.3.0/thumb/v6-m/nofp\libgcc.a(_aeabi_uldivmod.o)
                0x00000000100002b0                __aeabi_uldivmod
 .text          0x00000000100002f0       0x18 c:/users/ecosh/documents/zephyr-sdk-0.14.2/zephyr-sdk-0.14.2/arm-zephyr-eabi/bin/../lib/gcc/arm-zephyr-eabi/10.3.0/thumb/v6-m/nofp\libgcc.a(_lshrdi3.o)
                0x00000000100002f0                __lshrdi3
                0x00000000100002f0                __aeabi_llsr
 .text          0x0000000010000308       0x18 c:/users/ecosh/documents/zephyr-sdk-0.14.2/zephyr-sdk-0.14.2/arm-zephyr-eabi/bin/../lib/gcc/arm-zephyr-eabi/10.3.0/thumb/v6-m/nofp\libgcc.a(_ashldi3.o)
                0x0000000010000308                __aeabi_llsl
                0x0000000010000308                __ashldi3
 .text          0x0000000010000320       0x18 c:/users/ecosh/documents/zephyr-sdk-0.14.2/zephyr-sdk-0.14.2/arm-zephyr-eabi/bin/../lib/gcc/arm-zephyr-eabi/10.3.0/thumb/v6-m/nofp\libgcc.a(_clzdi2.o)
                0x0000000010000320                __clzdi2
 .text          0x0000000010000338       0x48 c:/users/ecosh/documents/zephyr-sdk-0.14.2/zephyr-sdk-0.14.2/arm-zephyr-eabi/bin/../lib/gcc/arm-zephyr-eabi/10.3.0/thumb/v6-m/nofp\libgcc.a(_muldi3.o)
                0x0000000010000338                __muldi3
                0x0000000010000338                __aeabi_lmul
 .text          0x0000000010000380       0xde c:/users/ecosh/documents/zephyr-sdk-0.14.2/zephyr-sdk-0.14.2/arm-zephyr-eabi/bin/../lib/gcc/arm-zephyr-eabi/10.3.0/thumb/v6-m/nofp\libgcc.a(_udivmoddi4.o)
                0x0000000010000380                __udivmoddi4
 *(SORT_BY_ALIGNMENT(.text.*))
 *fill*         0x000000001000045e        0x2 
 .text.char_out
                0x0000000010000460       0x14 zephyr/libzephyr.a(printk.c.obj)
 .text.__printk_hook_install
                0x0000000010000474        0xc zephyr/libzephyr.a(printk.c.obj)
                0x0000000010000474                __printk_hook_install
 .text.vprintk  0x0000000010000480       0x18 zephyr/libzephyr.a(printk.c.obj)
                0x0000000010000480                vprintk
 .text.cbvprintf
                0x0000000010000498      0x734 zephyr/libzephyr.a(cbprintf_complete.c.obj)
                0x0000000010000498                cbvprintf
 .text.z_arm_cpu_idle_init
                0x0000000010000bcc        0xc zephyr/arch/arch/arm/core/aarch32/libarch__arm__core__aarch32.a(cpu_idle.S.obj)
                0x0000000010000bcc                z_arm_cpu_idle_init
 .text.arch_cpu_idle
                0x0000000010000bd8       0x10 zephyr/arch/arch/arm/core/aarch32/libarch__arm__core__aarch32.a(cpu_idle.S.obj)
                0x0000000010000bd8                arch_cpu_idle
 .text.arch_irq_enable
                0x0000000010000be8       0x18 zephyr/arch/arch/arm/core/aarch32/libarch__arm__core__aarch32.a(irq_manage.c.obj)
                0x0000000010000be8                arch_irq_enable
 .text.z_arm_irq_priority_set
                0x0000000010000c00       0x54 zephyr/arch/arch/arm/core/aarch32/libarch__arm__core__aarch32.a(irq_manage.c.obj)
                0x0000000010000c00                z_arm_irq_priority_set
 .text.z_SysNmiOnReset
                0x0000000010000c54        0x4 zephyr/arch/arch/arm/core/aarch32/libarch__arm__core__aarch32.a(nmi_on_reset.S.obj)
                0x0000000010000c54                z_SysNmiOnReset
 .text.z_arm_prep_c
                0x0000000010000c58       0x2c zephyr/arch/arch/arm/core/aarch32/libarch__arm__core__aarch32.a(prep_c.c.obj)
                0x0000000010000c58                z_arm_prep_c
 .text.arch_swap
                0x0000000010000c84       0x30 zephyr/arch/arch/arm/core/aarch32/libarch__arm__core__aarch32.a(swap.c.obj)
                0x0000000010000c84                arch_swap
 .text.z_arm_pendsv
                0x0000000010000cb4       0x60 zephyr/arch/arch/arm/core/aarch32/libarch__arm__core__aarch32.a(swap_helper.S.obj)
                0x0000000010000cb4                z_arm_pendsv
 .text.z_arm_svc
                0x0000000010000d14       0x24 zephyr/arch/arch/arm/core/aarch32/libarch__arm__core__aarch32.a(swap_helper.S.obj)
                0x0000000010000d14                z_arm_svc
 .text.arch_new_thread
                0x0000000010000d38       0x2c zephyr/arch/arch/arm/core/aarch32/libarch__arm__core__aarch32.a(thread.c.obj)
                0x0000000010000d38                arch_new_thread
 .text.arch_switch_to_main_thread
                0x0000000010000d64       0x20 zephyr/arch/arch/arm/core/aarch32/libarch__arm__core__aarch32.a(thread.c.obj)
                0x0000000010000d64                arch_switch_to_main_thread
 .text._isr_wrapper
                0x0000000010000d84       0x28 zephyr/arch/arch/arm/core/aarch32/libarch__arm__core__aarch32.a(isr_wrapper.S.obj)
                0x0000000010000d84                _isr_wrapper
 .text._HandlerModeExit
                0x0000000010000dac       0x20 zephyr/arch/arch/arm/core/aarch32/cortex_m/libarch__arm__core__aarch32__cortex_m.a(exc_exit.S.obj)
                0x0000000010000dac                z_arm_int_exit
                0x0000000010000dac                z_arm_exc_exit
 .text.z_arm_fault
                0x0000000010000dcc       0x7c zephyr/arch/arch/arm/core/aarch32/cortex_m/libarch__arm__core__aarch32__cortex_m.a(fault.c.obj)
                0x0000000010000dcc                z_arm_fault
 .text.__fault  0x0000000010000e48       0x14 zephyr/arch/arch/arm/core/aarch32/cortex_m/libarch__arm__core__aarch32__cortex_m.a(fault_s.S.obj)
                0x0000000010000e48                z_arm_hard_fault
                0x0000000010000e48                z_arm_exc_spurious
 .text.z_arm_interrupt_init
                0x0000000010000e5c       0x30 zephyr/arch/arch/arm/core/aarch32/cortex_m/libarch__arm__core__aarch32__cortex_m.a(irq_init.c.obj)
                0x0000000010000e5c                z_arm_interrupt_init
 .text._reset_section
                0x0000000010000e8c       0x28 zephyr/arch/arch/arm/core/aarch32/cortex_m/libarch__arm__core__aarch32__cortex_m.a(reset.S.obj)
                0x0000000010000e8c                __start
                0x0000000010000e8c                z_arm_reset
 .text.z_impl_k_thread_abort
                0x0000000010000eb4       0x38 zephyr/arch/arch/arm/core/aarch32/cortex_m/libarch__arm__core__aarch32__cortex_m.a(thread_abort.c.obj)
                0x0000000010000eb4                z_impl_k_thread_abort
 .text.__stdout_hook_install
                0x0000000010000eec        0xc zephyr/lib/libc/minimal/liblib__libc__minimal.a(stdout_console.c.obj)
                0x0000000010000eec                __stdout_hook_install
 .text.rp2040_init
                0x0000000010000ef8       0x54 zephyr/soc/arm/rpi_pico/rp2/libsoc__arm__rpi_pico__rp2.a(soc.c.obj)
 .text.uart_console_init
                0x0000000010000f4c       0x34 zephyr/drivers/console/libdrivers__console.a(uart_console.c.obj)
 .text.console_out
                0x0000000010000f80       0x28 zephyr/drivers/console/libdrivers__console.a(uart_console.c.obj)
 .text.gpio_rpi_isr
                0x0000000010000fa8       0x64 zephyr/drivers/gpio/libdrivers__gpio.a(gpio_rpi_pico.c.obj)
 .text.uart_rpi_irq_err_disable
                0x000000001000100c       0x14 zephyr/drivers/serial/libdrivers__serial.a(uart_rpi_pico.c.obj)
 .text.elapsed  0x0000000010001020       0x38 zephyr/drivers/timer/libdrivers__timer.a(cortex_m_systick.c.obj)
 .text.sys_clock_driver_init
                0x0000000010001058       0x3c zephyr/drivers/timer/libdrivers__timer.a(cortex_m_systick.c.obj)
 .text.sys_clock_isr
                0x0000000010001094       0x44 zephyr/drivers/timer/libdrivers__timer.a(cortex_m_systick.c.obj)
                0x0000000010001094                sys_clock_isr
 .text.sys_clock_set_timeout
                0x00000000100010d8       0xfc zephyr/drivers/timer/libdrivers__timer.a(cortex_m_systick.c.obj)
                0x00000000100010d8                sys_clock_set_timeout
 .text.sys_clock_elapsed
                0x00000000100011d4       0x38 zephyr/drivers/timer/libdrivers__timer.a(cortex_m_systick.c.obj)
                0x00000000100011d4                sys_clock_elapsed
 .text.pinctrl_lookup_state
                0x000000001000120c       0x34 zephyr/drivers/pinctrl/libdrivers__pinctrl.a(common.c.obj)
                0x000000001000120c                pinctrl_lookup_state
 .text.clock_configure
                0x0000000010001240       0xd4 modules/hal_rpi_pico/libmodules__hal_rpi_pico.a(clocks.c.obj)
                0x0000000010001240                clock_configure
 .text.clocks_init
                0x0000000010001314       0xf0 modules/hal_rpi_pico/libmodules__hal_rpi_pico.a(clocks.c.obj)
                0x0000000010001314                clocks_init
 .text.clock_get_hz
                0x0000000010001404        0xc modules/hal_rpi_pico/libmodules__hal_rpi_pico.a(clocks.c.obj)
                0x0000000010001404                clock_get_hz
 .text.pll_init
                0x0000000010001410       0x98 modules/hal_rpi_pico/libmodules__hal_rpi_pico.a(pll.c.obj)
                0x0000000010001410                pll_init
 .text.xosc_init
                0x00000000100014a8       0x28 modules/hal_rpi_pico/libmodules__hal_rpi_pico.a(xosc.c.obj)
                0x00000000100014a8                xosc_init
 .text.watchdog_start_tick
                0x00000000100014d0       0x10 modules/hal_rpi_pico/libmodules__hal_rpi_pico.a(watchdog.c.obj)
                0x00000000100014d0                watchdog_start_tick
 .text.running_on_fpga
                0x00000000100014e0       0x10 modules/hal_rpi_pico/libmodules__hal_rpi_pico.a(platform.c.obj)
                0x00000000100014e0                running_on_fpga
 .text.gpio_set_function
                0x00000000100014f0       0x2c modules/hal_rpi_pico/libmodules__hal_rpi_pico.a(gpio.c.obj)
                0x00000000100014f0                gpio_set_function
 .text.gpio_set_pulls
                0x000000001000151c       0x2c modules/hal_rpi_pico/libmodules__hal_rpi_pico.a(gpio.c.obj)
                0x000000001000151c                gpio_set_pulls
 .text.gpio_set_input_hysteresis_enabled
                0x0000000010001548       0x1c modules/hal_rpi_pico/libmodules__hal_rpi_pico.a(gpio.c.obj)
                0x0000000010001548                gpio_set_input_hysteresis_enabled
 .text.gpio_set_slew_rate
                0x0000000010001564       0x1c modules/hal_rpi_pico/libmodules__hal_rpi_pico.a(gpio.c.obj)
                0x0000000010001564                gpio_set_slew_rate
 .text.gpio_set_drive_strength
                0x0000000010001580       0x20 modules/hal_rpi_pico/libmodules__hal_rpi_pico.a(gpio.c.obj)
                0x0000000010001580                gpio_set_drive_strength
 .text.gpio_acknowledge_irq
                0x00000000100015a0       0x18 modules/hal_rpi_pico/libmodules__hal_rpi_pico.a(gpio.c.obj)
                0x00000000100015a0                gpio_acknowledge_irq
 .text.gpio_set_irq_enabled
                0x00000000100015b8       0x44 modules/hal_rpi_pico/libmodules__hal_rpi_pico.a(gpio.c.obj)
                0x00000000100015b8                gpio_set_irq_enabled
 .text.gpio_set_input_enabled
                0x00000000100015fc       0x1c modules/hal_rpi_pico/libmodules__hal_rpi_pico.a(gpio.c.obj)
                0x00000000100015fc                gpio_set_input_enabled
 .text.uart_set_baudrate
                0x0000000010001618       0x5c modules/hal_rpi_pico/libmodules__hal_rpi_pico.a(uart.c.obj)
                0x0000000010001618                uart_set_baudrate
 .text.uart_init
                0x0000000010001674       0x94 modules/hal_rpi_pico/libmodules__hal_rpi_pico.a(uart.c.obj)
                0x0000000010001674                uart_init
 .text.z_sys_init_run_level
                0x0000000010001708       0x44 zephyr/kernel/libkernel.a(device.c.obj)
                0x0000000010001708                z_sys_init_run_level
 .text.bg_thread_main
                0x000000001000174c       0x34 zephyr/kernel/libkernel.a(init.c.obj)
 .text.z_bss_zero
                0x0000000010001780       0x18 zephyr/kernel/libkernel.a(init.c.obj)
                0x0000000010001780                z_bss_zero
 .text.z_init_cpu
                0x0000000010001798       0x68 zephyr/kernel/libkernel.a(init.c.obj)
                0x0000000010001798                z_init_cpu
 .text.z_cstart
                0x0000000010001800       0xb0 zephyr/kernel/libkernel.a(init.c.obj)
                0x0000000010001800                z_cstart
 .text.z_setup_new_thread
                0x00000000100018b0       0x54 zephyr/kernel/libkernel.a(thread.c.obj)
                0x00000000100018b0                z_setup_new_thread
 .text.z_init_static_threads
                0x0000000010001904       0x90 zephyr/kernel/libkernel.a(thread.c.obj)
                0x0000000010001904                z_init_static_threads
 .text.z_reset_time_slice
                0x0000000010001994       0x28 zephyr/kernel/libkernel.a(sched.c.obj)
                0x0000000010001994                z_reset_time_slice
 .text.k_sched_time_slice_set
                0x00000000100019bc       0x44 zephyr/kernel/libkernel.a(sched.c.obj)
                0x00000000100019bc                k_sched_time_slice_set
 .text.z_reschedule
                0x0000000010001a00       0x2c zephyr/kernel/libkernel.a(sched.c.obj)
                0x0000000010001a00                z_reschedule
 .text.k_sched_lock
                0x0000000010001a2c       0x20 zephyr/kernel/libkernel.a(sched.c.obj)
                0x0000000010001a2c                k_sched_lock
 .text.update_cache
                0x0000000010001a4c       0x44 zephyr/kernel/libkernel.a(sched.c.obj)
 .text.move_thread_to_end_of_prio_q
                0x0000000010001a90       0x78 zephyr/kernel/libkernel.a(sched.c.obj)
 .text.z_time_slice
                0x0000000010001b08       0x7c zephyr/kernel/libkernel.a(sched.c.obj)
                0x0000000010001b08                z_time_slice
 .text.ready_thread
                0x0000000010001b84       0x6c zephyr/kernel/libkernel.a(sched.c.obj)
 .text.z_sched_start
                0x0000000010001bf0       0x34 zephyr/kernel/libkernel.a(sched.c.obj)
                0x0000000010001bf0                z_sched_start
 .text.k_sched_unlock
                0x0000000010001c24       0x2c zephyr/kernel/libkernel.a(sched.c.obj)
                0x0000000010001c24                k_sched_unlock
 .text.z_sched_init
                0x0000000010001c50       0x1c zephyr/kernel/libkernel.a(sched.c.obj)
                0x0000000010001c50                z_sched_init
 .text.z_impl_z_current_get
                0x0000000010001c6c        0xc zephyr/kernel/libkernel.a(sched.c.obj)
                0x0000000010001c6c                z_impl_z_current_get
 .text.z_thread_abort
                0x0000000010001c78       0xb8 zephyr/kernel/libkernel.a(sched.c.obj)
                0x0000000010001c78                z_thread_abort
 .text.z_data_copy
                0x0000000010001d30       0x34 zephyr/kernel/libkernel.a(xip.c.obj)
                0x0000000010001d30                z_data_copy
 .text.elapsed  0x0000000010001d64       0x18 zephyr/kernel/libkernel.a(timeout.c.obj)
 .text.next_timeout
                0x0000000010001d7c       0x58 zephyr/kernel/libkernel.a(timeout.c.obj)
 .text.remove_timeout
                0x0000000010001dd4       0x38 zephyr/kernel/libkernel.a(timeout.c.obj)
 .text.z_add_timeout
                0x0000000010001e0c       0xf0 zephyr/kernel/libkernel.a(timeout.c.obj)
                0x0000000010001e0c                z_add_timeout
 .text.sys_clock_announce
                0x0000000010001efc       0xe8 zephyr/kernel/libkernel.a(timeout.c.obj)
                0x0000000010001efc                sys_clock_announce
 .text.boot_banner
                0x0000000010001fe4       0x1c zephyr/kernel/libkernel.a(banner.c.obj)
                0x0000000010001fe4                boot_banner
 .text._OffsetAbsSyms
                0x0000000010002000        0x2 zephyr/CMakeFiles/offsets.dir/./arch/arm/core/offsets/offsets.c.obj
                0x0000000010002000                _OffsetAbsSyms
 .text.main     0x0000000010002002        0x2 app/libapp.a(main.cpp.obj)
                0x0000000010002002                main
 .text.arch_printk_char_out
                0x0000000010002004        0x4 zephyr/libzephyr.a(printk.c.obj)
                0x0000000010002004                arch_printk_char_out
 .text.printk   0x0000000010002008       0x16 zephyr/libzephyr.a(printk.c.obj)
                0x0000000010002008                printk
 .text.z_thread_entry
                0x000000001000201e       0x14 zephyr/libzephyr.a(thread_entry.c.obj)
                0x000000001000201e                z_thread_entry
 .text.encode_uint
                0x0000000010002032       0x98 zephyr/libzephyr.a(cbprintf_complete.c.obj)
 .text.outs     0x00000000100020ca       0x2c zephyr/libzephyr.a(cbprintf_complete.c.obj)
 .text._ConfigAbsSyms
                0x00000000100020f6        0x2 zephyr/libzephyr.a(configs.c.obj)
                0x00000000100020f6                _ConfigAbsSyms
 .text.z_arm_fatal_error
                0x00000000100020f8        0x8 zephyr/arch/arch/arm/core/aarch32/libarch__arm__core__aarch32.a(fatal.c.obj)
                0x00000000100020f8                z_arm_fatal_error
 .text.z_do_kernel_oops
                0x0000000010002100        0xc zephyr/arch/arch/arm/core/aarch32/libarch__arm__core__aarch32.a(fatal.c.obj)
                0x0000000010002100                z_do_kernel_oops
 .text.z_irq_spurious
                0x000000001000210c        0xc zephyr/arch/arch/arm/core/aarch32/libarch__arm__core__aarch32.a(irq_manage.c.obj)
                0x000000001000210c                z_irq_spurious
 .text.z_arm_nmi
                0x0000000010002118        0xc zephyr/arch/arch/arm/core/aarch32/libarch__arm__core__aarch32.a(nmi.c.obj)
                0x0000000010002118                z_arm_nmi
 .text.z_arm_fault_init
                0x0000000010002124        0x2 zephyr/arch/arch/arm/core/aarch32/cortex_m/libarch__arm__core__aarch32__cortex_m.a(fault.c.obj)
                0x0000000010002124                z_arm_fault_init
 .text.strlen   0x0000000010002126       0x10 zephyr/lib/libc/minimal/liblib__libc__minimal.a(string.c.obj)
                0x0000000010002126                strlen
 .text.strnlen  0x0000000010002136       0x14 zephyr/lib/libc/minimal/liblib__libc__minimal.a(string.c.obj)
                0x0000000010002136                strnlen
 .text.memcpy   0x000000001000214a       0x12 zephyr/lib/libc/minimal/liblib__libc__minimal.a(string.c.obj)
                0x000000001000214a                memcpy
 .text.memset   0x000000001000215c       0x12 zephyr/lib/libc/minimal/liblib__libc__minimal.a(string.c.obj)
                0x000000001000215c                memset
 .text._stdout_hook_default
                0x000000001000216e        0x6 zephyr/lib/libc/minimal/liblib__libc__minimal.a(stdout_console.c.obj)
 .text.gpio_rpi_port_get_raw
                0x0000000010002174        0xc zephyr/drivers/gpio/libdrivers__gpio.a(gpio_rpi_pico.c.obj)
 .text.gpio_rpi_port_set_masked_raw
                0x0000000010002180       0x10 zephyr/drivers/gpio/libdrivers__gpio.a(gpio_rpi_pico.c.obj)
 .text.gpio_rpi_port_set_bits_raw
                0x0000000010002190        0xa zephyr/drivers/gpio/libdrivers__gpio.a(gpio_rpi_pico.c.obj)
 .text.gpio_rpi_port_clear_bits_raw
                0x000000001000219a        0xa zephyr/drivers/gpio/libdrivers__gpio.a(gpio_rpi_pico.c.obj)
 .text.gpio_rpi_port_toggle_bits
                0x00000000100021a4        0xa zephyr/drivers/gpio/libdrivers__gpio.a(gpio_rpi_pico.c.obj)
 .text.gpio_rpi_manage_callback
                0x00000000100021ae       0x5c zephyr/drivers/gpio/libdrivers__gpio.a(gpio_rpi_pico.c.obj)
 .text.gpio_rpi_bank_init
                0x000000001000220a        0xc zephyr/drivers/gpio/libdrivers__gpio.a(gpio_rpi_pico.c.obj)
 .text.gpio_rpi_pin_interrupt_configure
                0x0000000010002216       0x68 zephyr/drivers/gpio/libdrivers__gpio.a(gpio_rpi_pico.c.obj)
 .text.gpio_rpi_configure
                0x000000001000227e       0x66 zephyr/drivers/gpio/libdrivers__gpio.a(gpio_rpi_pico.c.obj)
 .text.bank_0_config_func
                0x00000000100022e4       0x14 zephyr/drivers/gpio/libdrivers__gpio.a(gpio_rpi_pico.c.obj)
 .text.uart_rpi_poll_in
                0x00000000100022f8       0x1e zephyr/drivers/serial/libdrivers__serial.a(uart_rpi_pico.c.obj)
 .text.uart_rpi_poll_out
                0x0000000010002316       0x10 zephyr/drivers/serial/libdrivers__serial.a(uart_rpi_pico.c.obj)
 .text.uart_rpi_err_check
                0x0000000010002326       0x24 zephyr/drivers/serial/libdrivers__serial.a(uart_rpi_pico.c.obj)
 .text.uart_rpi_fifo_fill
                0x000000001000234a       0x20 zephyr/drivers/serial/libdrivers__serial.a(uart_rpi_pico.c.obj)
 .text.uart_rpi_fifo_read
                0x000000001000236a       0x20 zephyr/drivers/serial/libdrivers__serial.a(uart_rpi_pico.c.obj)
 .text.uart_rpi_irq_tx_enable
                0x000000001000238a       0x16 zephyr/drivers/serial/libdrivers__serial.a(uart_rpi_pico.c.obj)
 .text.uart_rpi_irq_tx_disable
                0x00000000100023a0        0xe zephyr/drivers/serial/libdrivers__serial.a(uart_rpi_pico.c.obj)
 .text.uart_rpi_irq_tx_ready
                0x00000000100023ae        0xc zephyr/drivers/serial/libdrivers__serial.a(uart_rpi_pico.c.obj)
 .text.uart_rpi_irq_rx_enable
                0x00000000100023ba       0x16 zephyr/drivers/serial/libdrivers__serial.a(uart_rpi_pico.c.obj)
 .text.uart_rpi_irq_rx_disable
                0x00000000100023d0        0xe zephyr/drivers/serial/libdrivers__serial.a(uart_rpi_pico.c.obj)
 .text.uart_rpi_irq_tx_complete
                0x00000000100023de        0xc zephyr/drivers/serial/libdrivers__serial.a(uart_rpi_pico.c.obj)
 .text.uart_rpi_irq_rx_ready
                0x00000000100023ea        0xc zephyr/drivers/serial/libdrivers__serial.a(uart_rpi_pico.c.obj)
 .text.uart_rpi_irq_err_enable
                0x00000000100023f6       0x10 zephyr/drivers/serial/libdrivers__serial.a(uart_rpi_pico.c.obj)
 .text.uart_rpi_irq_update
                0x0000000010002406        0x4 zephyr/drivers/serial/libdrivers__serial.a(uart_rpi_pico.c.obj)
 .text.uart_rpi_irq_callback_set
                0x000000001000240a        0x8 zephyr/drivers/serial/libdrivers__serial.a(uart_rpi_pico.c.obj)
 .text.uart_rpi_isr
                0x0000000010002412       0x10 zephyr/drivers/serial/libdrivers__serial.a(uart_rpi_pico.c.obj)
 .text.uart0_rpi_irq_config_func
                0x0000000010002422       0x14 zephyr/drivers/serial/libdrivers__serial.a(uart_rpi_pico.c.obj)
 .text.uart_rpi_irq_is_pending
                0x0000000010002436       0x1c zephyr/drivers/serial/libdrivers__serial.a(uart_rpi_pico.c.obj)
 .text.uart_rpi_init
                0x0000000010002452       0x5e zephyr/drivers/serial/libdrivers__serial.a(uart_rpi_pico.c.obj)
 .text.pinctrl_configure_pins
                0x00000000100024b0       0x84 zephyr/drivers/pinctrl/libdrivers__pinctrl.a(pinctrl_rpi_pico.c.obj)
                0x00000000100024b0                pinctrl_configure_pins
 .text.reset_rpi_init
                0x0000000010002534        0x4 zephyr/drivers/reset/libdrivers__reset.a(reset_rpi_pico.c.obj)
 .text.reset_rpi_read_register.isra.0
                0x0000000010002538       0x2c zephyr/drivers/reset/libdrivers__reset.a(reset_rpi_pico.c.obj)
 .text.reset_rpi_update.isra.0
                0x0000000010002564       0x6a zephyr/drivers/reset/libdrivers__reset.a(reset_rpi_pico.c.obj)
 .text.reset_rpi_line_deassert
                0x00000000100025ce        0xc zephyr/drivers/reset/libdrivers__reset.a(reset_rpi_pico.c.obj)
 .text.reset_rpi_line_assert
                0x00000000100025da        0xc zephyr/drivers/reset/libdrivers__reset.a(reset_rpi_pico.c.obj)
 .text.reset_rpi_line_toggle
                0x00000000100025e6       0x18 zephyr/drivers/reset/libdrivers__reset.a(reset_rpi_pico.c.obj)
 .text.reset_rpi_status
                0x00000000100025fe       0x3a zephyr/drivers/reset/libdrivers__reset.a(reset_rpi_pico.c.obj)
 .text.gpio_init
                0x0000000010002638       0x16 modules/hal_rpi_pico/libmodules__hal_rpi_pico.a(gpio.c.obj)
                0x0000000010002638                gpio_init
 .text.z_device_state_init
                0x000000001000264e        0x2 zephyr/kernel/libkernel.a(device.c.obj)
                0x000000001000264e                z_device_state_init
 .text.z_device_is_ready
                0x0000000010002650       0x18 zephyr/kernel/libkernel.a(device.c.obj)
                0x0000000010002650                z_device_is_ready
 .text.arch_system_halt
                0x0000000010002668        0x8 zephyr/kernel/libkernel.a(fatal.c.obj)
                0x0000000010002668                arch_system_halt
 .text.k_sys_fatal_error_handler
                0x0000000010002670        0x6 zephyr/kernel/libkernel.a(fatal.c.obj)
                0x0000000010002670                k_sys_fatal_error_handler
 .text.z_fatal_error
                0x0000000010002676       0x2c zephyr/kernel/libkernel.a(fatal.c.obj)
                0x0000000010002676                z_fatal_error
 .text.z_early_memset
                0x00000000100026a2        0x8 zephyr/kernel/libkernel.a(init.c.obj)
                0x00000000100026a2                z_early_memset
 .text.z_early_memcpy
                0x00000000100026aa        0x8 zephyr/kernel/libkernel.a(init.c.obj)
                0x00000000100026aa                z_early_memcpy
 .text.idle     0x00000000100026b2        0xe zephyr/kernel/libkernel.a(idle.c.obj)
                0x00000000100026b2                idle
 .text.sys_dlist_remove
                0x00000000100026c0       0x10 zephyr/kernel/libkernel.a(sched.c.obj)
 .text.unpend_thread_no_timeout
                0x00000000100026d0       0x16 zephyr/kernel/libkernel.a(sched.c.obj)
 .text.z_reschedule_irqlock
                0x00000000100026e6       0x1c zephyr/kernel/libkernel.a(sched.c.obj)
                0x00000000100026e6                z_reschedule_irqlock
 .text.z_reschedule_unlocked
                0x0000000010002702        0xe zephyr/kernel/libkernel.a(sched.c.obj)
 .text.z_priq_dumb_best
                0x0000000010002710        0xc zephyr/kernel/libkernel.a(sched.c.obj)
                0x0000000010002710                z_priq_dumb_best
 .text.z_ready_thread
                0x000000001000271c       0x18 zephyr/kernel/libkernel.a(sched.c.obj)
                0x000000001000271c                z_ready_thread
 .text.z_thread_timeout
                0x0000000010002734       0x38 zephyr/kernel/libkernel.a(sched.c.obj)
                0x0000000010002734                z_thread_timeout
 .text.z_abort_timeout
                0x000000001000276c       0x26 zephyr/kernel/libkernel.a(timeout.c.obj)
                0x000000001000276c                z_abort_timeout
 .text.z_set_timeout_expiry
                0x0000000010002792       0x2c zephyr/kernel/libkernel.a(timeout.c.obj)
                0x0000000010002792                z_set_timeout_expiry
 *(SORT_BY_ALIGNMENT(.TEXT.*))
 *(SORT_BY_ALIGNMENT(.gnu.linkonce.t.*))
 *(SORT_BY_ALIGNMENT(.glue_7t))
 .glue_7t       0x00000000100027be        0x0 linker stubs
 *(SORT_BY_ALIGNMENT(.glue_7))
 .glue_7        0x00000000100027be        0x0 linker stubs
 *(SORT_BY_ALIGNMENT(.vfp11_veneer))
 .vfp11_veneer  0x00000000100027be        0x0 linker stubs
 *(SORT_BY_ALIGNMENT(.v4_bx))
 .v4_bx         0x00000000100027be        0x0 linker stubs
                0x00000000100027be                __text_region_end = .

.ARM.exidx      0x00000000100027c0        0x8
                0x00000000100027c0                __exidx_start = .
 *(SORT_BY_ALIGNMENT(.ARM.exidx*) SORT_BY_ALIGNMENT(gnu.linkonce.armexidx.*))
 .ARM.exidx     0x00000000100027c0        0x8 c:/users/ecosh/documents/zephyr-sdk-0.14.2/zephyr-sdk-0.14.2/arm-zephyr-eabi/bin/../lib/gcc/arm-zephyr-eabi/10.3.0/thumb/v6-m/nofp\libgcc.a(_udivmoddi4.o)
                0x00000000100027c8                __exidx_end = .
                0x00000000100027c8                __rodata_region_start = .

initlevel       0x00000000100027c8       0x30
                0x00000000100027c8                __init_start = .
                0x00000000100027c8                __init_PRE_KERNEL_1_start = .
 *(SORT_BY_NAME(SORT_BY_ALIGNMENT(.z_init_PRE_KERNEL_1[0-9]_*)))
 .z_init_PRE_KERNEL_10_
                0x00000000100027c8        0x8 zephyr/soc/arm/rpi_pico/rp2/libsoc__arm__rpi_pico__rp2.a(soc.c.obj)
 *(SORT_BY_NAME(SORT_BY_ALIGNMENT(.z_init_PRE_KERNEL_1[1-9][0-9]_*)))
 .z_init_PRE_KERNEL_140_
                0x00000000100027d0        0x8 zephyr/drivers/reset/libdrivers__reset.a(reset_rpi_pico.c.obj)
 .z_init_PRE_KERNEL_155_
                0x00000000100027d8        0x8 zephyr/drivers/serial/libdrivers__serial.a(uart_rpi_pico.c.obj)
 .z_init_PRE_KERNEL_160_
                0x00000000100027e0        0x8 zephyr/drivers/console/libdrivers__console.a(uart_console.c.obj)
                0x00000000100027e8                __init_PRE_KERNEL_2_start = .
 *(SORT_BY_NAME(SORT_BY_ALIGNMENT(.z_init_PRE_KERNEL_2[0-9]_*)))
 .z_init_PRE_KERNEL_20_
                0x00000000100027e8        0x8 zephyr/drivers/timer/libdrivers__timer.a(cortex_m_systick.c.obj)
 *(SORT_BY_NAME(SORT_BY_ALIGNMENT(.z_init_PRE_KERNEL_2[1-9][0-9]_*)))
                0x00000000100027f0                __init_POST_KERNEL_start = .
 *(SORT_BY_NAME(SORT_BY_ALIGNMENT(.z_init_POST_KERNEL[0-9]_*)))
 *(SORT_BY_NAME(SORT_BY_ALIGNMENT(.z_init_POST_KERNEL[1-9][0-9]_*)))
 .z_init_POST_KERNEL40_
                0x00000000100027f0        0x8 zephyr/drivers/gpio/libdrivers__gpio.a(gpio_rpi_pico.c.obj)
                0x00000000100027f8                __init_APPLICATION_start = .
 *(SORT_BY_NAME(SORT_BY_ALIGNMENT(.z_init_APPLICATION[0-9]_*)))
 *(SORT_BY_NAME(SORT_BY_ALIGNMENT(.z_init_APPLICATION[1-9][0-9]_*)))
                0x00000000100027f8                __init_SMP_start = .
 *(SORT_BY_NAME(SORT_BY_ALIGNMENT(.z_init_SMP[0-9]_*)))
 *(SORT_BY_NAME(SORT_BY_ALIGNMENT(.z_init_SMP[1-9][0-9]_*)))
                0x00000000100027f8                __init_end = .

devices         0x00000000100027f8       0x48
                0x00000000100027f8                __device_start = .
                0x00000000100027f8                __device_PRE_KERNEL_1_start = .
 *(SORT_BY_NAME(SORT_BY_ALIGNMENT(.z_device_PRE_KERNEL_1[0-9]_*)))
 *(SORT_BY_NAME(SORT_BY_ALIGNMENT(.z_device_PRE_KERNEL_1[1-9][0-9]_*)))
 .z_device_PRE_KERNEL_140_
                0x00000000100027f8       0x18 zephyr/drivers/reset/libdrivers__reset.a(reset_rpi_pico.c.obj)
                0x00000000100027f8                __device_dts_ord_20
 .z_device_PRE_KERNEL_155_
                0x0000000010002810       0x18 zephyr/drivers/serial/libdrivers__serial.a(uart_rpi_pico.c.obj)
                0x0000000010002810                __device_dts_ord_22
                0x0000000010002828                __device_PRE_KERNEL_2_start = .
 *(SORT_BY_NAME(SORT_BY_ALIGNMENT(.z_device_PRE_KERNEL_2[0-9]_*)))
 *(SORT_BY_NAME(SORT_BY_ALIGNMENT(.z_device_PRE_KERNEL_2[1-9][0-9]_*)))
                0x0000000010002828                __device_POST_KERNEL_start = .
 *(SORT_BY_NAME(SORT_BY_ALIGNMENT(.z_device_POST_KERNEL[0-9]_*)))
 *(SORT_BY_NAME(SORT_BY_ALIGNMENT(.z_device_POST_KERNEL[1-9][0-9]_*)))
 .z_device_POST_KERNEL40_
                0x0000000010002828       0x18 zephyr/drivers/gpio/libdrivers__gpio.a(gpio_rpi_pico.c.obj)
                0x0000000010002828                __device_dts_ord_9
                0x0000000010002840                __device_APPLICATION_start = .
 *(SORT_BY_NAME(SORT_BY_ALIGNMENT(.z_device_APPLICATION[0-9]_*)))
 *(SORT_BY_NAME(SORT_BY_ALIGNMENT(.z_device_APPLICATION[1-9][0-9]_*)))
                0x0000000010002840                __device_SMP_start = .
 *(SORT_BY_NAME(SORT_BY_ALIGNMENT(.z_device_SMP[0-9]_*)))
 *(SORT_BY_NAME(SORT_BY_ALIGNMENT(.z_device_SMP[1-9][0-9]_*)))
                0x0000000010002840                __device_end = .

sw_isr_table    0x0000000010002840       0xd0
                0x0000000010002840                . = ALIGN (0x0)
 *(SORT_BY_ALIGNMENT(.gnu.linkonce.sw_isr_table*))
 .gnu.linkonce.sw_isr_table
                0x0000000010002840       0xd0 zephyr/CMakeFiles/zephyr_final.dir/isr_tables.c.obj
                0x0000000010002840                _sw_isr_table

initlevel_error
                0x00000000100027c8        0x0
 *(SORT_BY_NAME(SORT_BY_ALIGNMENT(.z_init_[_A-Z0-9]*)))
                0x0000000000000001                ASSERT ((SIZEOF (initlevel_error) == 0x0), Undefined initialization levels used.)

app_shmem_regions
                0x0000000010002910        0x0
                0x0000000010002910                __app_shmem_regions_start = .
 *(SORT_BY_NAME(SORT_BY_ALIGNMENT(.app_regions.*)))
                0x0000000010002910                __app_shmem_regions_end = .

k_p4wq_initparam_area
                0x0000000010002910        0x0
                0x0000000010002910                _k_p4wq_initparam_list_start = .
 *(SORT_BY_NAME(SORT_BY_ALIGNMENT(._k_p4wq_initparam.static.*)))
                0x0000000010002910                _k_p4wq_initparam_list_end = .

device_handles  0x0000000010002910       0x16
                0x0000000010002910                __device_handles_start = .
 *(SORT_BY_NAME(SORT_BY_ALIGNMENT(.__device_handles_pass2*)))
 .__device_handles_pass2
                0x0000000010002910       0x16 zephyr/CMakeFiles/zephyr_final.dir/dev_handles.c.obj
                0x0000000010002910                __devicehdl_DT_N_S_soc_S_gpio_40014000
                0x0000000010002916                __devicehdl_DT_N_S_soc_S_uart_40034000
                0x000000001000291e                __devicehdl_DT_N_S_soc_S_reset_controller_4000c000
                0x0000000010002926                __device_handles_end = .

ztest           0x0000000010002926        0x0
                0x0000000010002926                _ztest_suite_node_list_start = .
 *(SORT_BY_NAME(SORT_BY_ALIGNMENT(._ztest_suite_node.static.*)))
                0x0000000010002926                _ztest_suite_node_list_end = .
                0x0000000010002926                _ztest_unit_test_list_start = .
 *(SORT_BY_NAME(SORT_BY_ALIGNMENT(._ztest_unit_test.static.*)))
                0x0000000010002926                _ztest_unit_test_list_end = .
                0x0000000010002926                _ztest_test_rule_list_start = .
 *(SORT_BY_NAME(SORT_BY_ALIGNMENT(._ztest_test_rule.static.*)))
                0x0000000010002926                _ztest_test_rule_list_end = .

bt_l2cap_fixed_chan_area
                0x0000000010002926        0x0
                0x0000000010002926                _bt_l2cap_fixed_chan_list_start = .
 *(SORT_BY_NAME(SORT_BY_ALIGNMENT(._bt_l2cap_fixed_chan.static.*)))
                0x0000000010002926                _bt_l2cap_fixed_chan_list_end = .

bt_gatt_service_static_area
                0x0000000010002926        0x0
                0x0000000010002926                _bt_gatt_service_static_list_start = .
 *(SORT_BY_NAME(SORT_BY_ALIGNMENT(._bt_gatt_service_static.static.*)))
                0x0000000010002926                _bt_gatt_service_static_list_end = .

log_strings_sections
                0x0000000010002926        0x0
                0x0000000010002926                __log_strings_start = .
 *(SORT_BY_NAME(SORT_BY_ALIGNMENT(.log_strings*)))
                0x0000000010002926                __log_strings_end = .

log_const_sections
                0x0000000010002926        0x0
                0x0000000010002926                __log_const_start = .
 *(SORT_BY_NAME(SORT_BY_ALIGNMENT(.log_const_*)))
                0x0000000010002926                __log_const_end = .

log_backends_sections
                0x0000000010002926        0x0
                0x0000000010002926                __log_backends_start = .
 *(SORT_BY_ALIGNMENT(._log_backend.*))
                0x0000000010002926                __log_backends_end = .

tracing_backend_area
                0x0000000010002926        0x0
                0x0000000010002926                _tracing_backend_list_start = .
 *(SORT_BY_NAME(SORT_BY_ALIGNMENT(._tracing_backend.static.*)))
                0x0000000010002926                _tracing_backend_list_end = .

zephyr_dbg_info
 *(SORT_BY_ALIGNMENT(.dbg_thread_info))

shell_area      0x0000000010002926        0x0
                0x0000000010002926                _shell_list_start = .
 *(SORT_BY_NAME(SORT_BY_ALIGNMENT(._shell.static.*)))
                0x0000000010002926                _shell_list_end = .

shell_root_cmds_sections
                0x0000000010002926        0x0
                0x0000000010002926                __shell_root_cmds_start = .
 *(SORT_BY_NAME(SORT_BY_ALIGNMENT(.shell_root_cmd_*)))
                0x0000000010002926                __shell_root_cmds_end = .

shell_subcmds_sections
                0x0000000010002926        0x0
                0x0000000010002926                __shell_subcmds_start = .
 *(SORT_BY_NAME(SORT_BY_ALIGNMENT(.shell_subcmd_*)))
                0x0000000010002926                __shell_subcmds_end = .

shell_dynamic_subcmds_sections
                0x0000000010002926        0x0
                0x0000000010002926                __shell_dynamic_subcmds_start = .
 *(SORT_BY_NAME(SORT_BY_ALIGNMENT(.shell_dynamic_subcmd_*)))
                0x0000000010002926                __shell_dynamic_subcmds_end = .

font_entry_sections
                0x0000000010002926        0x0
                0x0000000010002926                __font_entry_start = .
 *(SORT_BY_NAME(SORT_BY_ALIGNMENT(._cfb_font.*)))
                0x0000000010002926                __font_entry_end = .

rodata          0x0000000010002928      0x130
 *(SORT_BY_ALIGNMENT(.rodata))
 *(SORT_BY_ALIGNMENT(.rodata.*))
 .rodata.gpio_rpi_0_config
                0x0000000010002928        0x8 zephyr/drivers/gpio/libdrivers__gpio.a(gpio_rpi_pico.c.obj)
 .rodata.gpio_rpi_driver_api
                0x0000000010002930       0x24 zephyr/drivers/gpio/libdrivers__gpio.a(gpio_rpi_pico.c.obj)
 .rodata.__pinctrl_dev_config__device_dts_ord_22
                0x0000000010002954        0x8 zephyr/drivers/serial/libdrivers__serial.a(uart_rpi_pico.c.obj)
 .rodata.__pinctrl_state_pins_0__device_dts_ord_22
                0x000000001000295c        0x8 zephyr/drivers/serial/libdrivers__serial.a(uart_rpi_pico.c.obj)
 .rodata.__pinctrl_states__device_dts_ord_22
                0x0000000010002964        0x8 zephyr/drivers/serial/libdrivers__serial.a(uart_rpi_pico.c.obj)
 .rodata.uart0_rpi_config
                0x000000001000296c       0x18 zephyr/drivers/serial/libdrivers__serial.a(uart_rpi_pico.c.obj)
 .rodata.uart_rpi_driver_api
                0x0000000010002984       0x4c zephyr/drivers/serial/libdrivers__serial.a(uart_rpi_pico.c.obj)
 .rodata.reset_rpi_config_0
                0x00000000100029d0        0xc zephyr/drivers/reset/libdrivers__reset.a(reset_rpi_pico.c.obj)
 .rodata.reset_rpi_driver_api
                0x00000000100029dc       0x10 zephyr/drivers/reset/libdrivers__reset.a(reset_rpi_pico.c.obj)
 .rodata.levels.0
                0x00000000100029ec       0x14 zephyr/kernel/libkernel.a(device.c.obj)
 .rodata._k_neg_eagain
                0x0000000010002a00        0x4 zephyr/kernel/libkernel.a(errno.c.obj)
                0x0000000010002a00                _k_neg_eagain
 .rodata.cbvprintf.str1.1
                0x0000000010002a04        0x6 zephyr/libzephyr.a(cbprintf_complete.c.obj)
 .rodata.str1.1
                0x0000000010002a0a        0x7 zephyr/drivers/gpio/libdrivers__gpio.a(gpio_rpi_pico.c.obj)
 .rodata.str1.1
                0x0000000010002a11        0x7 zephyr/drivers/serial/libdrivers__serial.a(uart_rpi_pico.c.obj)
 .rodata.str1.1
                0x0000000010002a18        0x6 zephyr/drivers/reset/libdrivers__reset.a(reset_rpi_pico.c.obj)
 .rodata.z_cstart.str1.1
                0x0000000010002a1e        0x5 zephyr/kernel/libkernel.a(init.c.obj)
 .rodata.boot_banner.str1.1
                0x0000000010002a23       0x35 zephyr/kernel/libkernel.a(banner.c.obj)
                                         0x36 (size before relaxing)
 *(SORT_BY_ALIGNMENT(.gnu.linkonce.r.*))
                0x0000000010002a58                . = ALIGN (0x4)
                0x0000000010002a58                __rodata_region_end = .
                0x0000000010002a58                . = ALIGN (_region_min_align)
                0x0000000010002a58                __rom_region_end = .
                0x0000000020000000                . = 0x20000000
                0x0000000020000000                . = ALIGN (_region_min_align)
                0x0000000020000000                _image_ram_start = .

.ramfunc        0x0000000020000000        0x0 load address 0x0000000010002a58
                0x0000000020000000                . = ALIGN (_region_min_align)
                0x0000000020000000                __ramfunc_start = .
 *(SORT_BY_ALIGNMENT(.ramfunc))
 *(SORT_BY_ALIGNMENT(.ramfunc.*))
                0x0000000020000000                . = ALIGN (_region_min_align)
                0x0000000020000000                __ramfunc_end = .
                0x0000000000000000                __ramfunc_size = (__ramfunc_end - __ramfunc_start)
                0x0000000010002a58                __ramfunc_load_start = LOADADDR (.ramfunc)

datas           0x0000000020000000       0x1c load address 0x0000000010002a58
                0x0000000020000000                __data_region_start = .
                0x0000000020000000                __data_start = .
 *(SORT_BY_ALIGNMENT(.data))
 *(SORT_BY_ALIGNMENT(.data.*))
 .data._char_out
                0x0000000020000000        0x4 zephyr/libzephyr.a(printk.c.obj)
                0x0000000020000000                _char_out
 .data._stdout_hook
                0x0000000020000004        0x4 zephyr/lib/libc/minimal/liblib__libc__minimal.a(stdout_console.c.obj)
 .data.uart0_rpi_data
                0x0000000020000008        0xc zephyr/drivers/serial/libdrivers__serial.a(uart_rpi_pico.c.obj)
 .data.timeout_list
                0x0000000020000014        0x8 zephyr/kernel/libkernel.a(timeout.c.obj)
 *(SORT_BY_ALIGNMENT(.kernel.*))
                0x000000002000001c                __data_end = .
                0x000000000000001c                __data_size = (__data_end - __data_start)
                0x0000000010002a58                __data_load_start = LOADADDR (datas)
                0x0000000010002a58                __data_region_load_start = LOADADDR (datas)

device_states   0x000000002000001c        0xc load address 0x0000000010002a74
                0x000000002000001c                __device_states_start = .
 *(SORT_BY_ALIGNMENT(.z_devstate))
 .z_devstate    0x000000002000001c        0x4 zephyr/drivers/gpio/libdrivers__gpio.a(gpio_rpi_pico.c.obj)
 .z_devstate    0x0000000020000020        0x4 zephyr/drivers/serial/libdrivers__serial.a(uart_rpi_pico.c.obj)
 .z_devstate    0x0000000020000024        0x4 zephyr/drivers/reset/libdrivers__reset.a(reset_rpi_pico.c.obj)
 *(SORT_BY_ALIGNMENT(.z_devstate.*))
                0x0000000020000028                __device_states_end = .

initshell       0x0000000020000028        0x0 load address 0x0000000010002a80
                0x0000000020000028                __shell_module_start = .
 *(SORT_BY_ALIGNMENT(.shell_module_*))
                0x0000000020000028                __shell_module_end = .
                0x0000000020000028                __shell_cmd_start = .
 *(SORT_BY_ALIGNMENT(.shell_cmd_*))
                0x0000000020000028                __shell_cmd_end = .

log_dynamic_sections
                0x0000000020000028        0x0 load address 0x0000000010002a80
                0x0000000020000028                __log_dynamic_start = .
 *(SORT_BY_NAME(SORT_BY_ALIGNMENT(.log_dynamic_*)))
                0x0000000020000028                __log_dynamic_end = .

_static_thread_data_area
                0x0000000020000028        0x0 load address 0x0000000010002a80
                0x0000000020000028                __static_thread_data_list_start = .
 *(SORT_BY_NAME(SORT_BY_ALIGNMENT(.__static_thread_data.static.*)))
                0x0000000020000028                __static_thread_data_list_end = .

k_timer_area    0x0000000020000028        0x0 load address 0x0000000010002a80
                0x0000000020000028                _k_timer_list_start = .
 *(SORT_BY_NAME(SORT_BY_ALIGNMENT(._k_timer.static.*)))
                0x0000000020000028                _k_timer_list_end = .

k_mem_slab_area
                0x0000000020000028        0x0 load address 0x0000000010002a80
                0x0000000020000028                _k_mem_slab_list_start = .
 *(SORT_BY_NAME(SORT_BY_ALIGNMENT(._k_mem_slab.static.*)))
                0x0000000020000028                _k_mem_slab_list_end = .

k_mem_pool_area
                0x0000000020000028        0x0 load address 0x0000000010002a80
                0x0000000020000028                _k_mem_pool_list_start = .
 *(SORT_BY_NAME(SORT_BY_ALIGNMENT(._k_mem_pool.static.*)))
                0x0000000020000028                _k_mem_pool_list_end = .

k_heap_area     0x0000000020000028        0x0 load address 0x0000000010002a80
                0x0000000020000028                _k_heap_list_start = .
 *(SORT_BY_NAME(SORT_BY_ALIGNMENT(._k_heap.static.*)))
                0x0000000020000028                _k_heap_list_end = .

k_mutex_area    0x0000000020000028        0x0 load address 0x0000000010002a80
                0x0000000020000028                _k_mutex_list_start = .
 *(SORT_BY_NAME(SORT_BY_ALIGNMENT(._k_mutex.static.*)))
                0x0000000020000028                _k_mutex_list_end = .

k_stack_area    0x0000000020000028        0x0 load address 0x0000000010002a80
                0x0000000020000028                _k_stack_list_start = .
 *(SORT_BY_NAME(SORT_BY_ALIGNMENT(._k_stack.static.*)))
                0x0000000020000028                _k_stack_list_end = .

k_msgq_area     0x0000000020000028        0x0 load address 0x0000000010002a80
                0x0000000020000028                _k_msgq_list_start = .
 *(SORT_BY_NAME(SORT_BY_ALIGNMENT(._k_msgq.static.*)))
                0x0000000020000028                _k_msgq_list_end = .

k_mbox_area     0x0000000020000028        0x0 load address 0x0000000010002a80
                0x0000000020000028                _k_mbox_list_start = .
 *(SORT_BY_NAME(SORT_BY_ALIGNMENT(._k_mbox.static.*)))
                0x0000000020000028                _k_mbox_list_end = .

k_pipe_area     0x0000000020000028        0x0 load address 0x0000000010002a80
                0x0000000020000028                _k_pipe_list_start = .
 *(SORT_BY_NAME(SORT_BY_ALIGNMENT(._k_pipe.static.*)))
                0x0000000020000028                _k_pipe_list_end = .

k_sem_area      0x0000000020000028        0x0 load address 0x0000000010002a80
                0x0000000020000028                _k_sem_list_start = .
 *(SORT_BY_NAME(SORT_BY_ALIGNMENT(._k_sem.static.*)))
                0x0000000020000028                _k_sem_list_end = .

k_event_area    0x0000000020000028        0x0 load address 0x0000000010002a80
                0x0000000020000028                _k_event_list_start = .
 *(SORT_BY_NAME(SORT_BY_ALIGNMENT(._k_event.static.*)))
                0x0000000020000028                _k_event_list_end = .

k_queue_area    0x0000000020000028        0x0 load address 0x0000000010002a80
                0x0000000020000028                _k_queue_list_start = .
 *(SORT_BY_NAME(SORT_BY_ALIGNMENT(._k_queue.static.*)))
                0x0000000020000028                _k_queue_list_end = .

k_condvar_area  0x0000000020000028        0x0 load address 0x0000000010002a80
                0x0000000020000028                _k_condvar_list_start = .
 *(SORT_BY_NAME(SORT_BY_ALIGNMENT(._k_condvar.static.*)))
                0x0000000020000028                _k_condvar_list_end = .

_net_buf_pool_area
                0x0000000020000028        0x0 load address 0x0000000010002a80
                0x0000000020000028                _net_buf_pool_list = .
 *(SORT_BY_NAME(SORT_BY_ALIGNMENT(._net_buf_pool.static.*)))
                0x0000000020000028                __data_region_end = .

bss             0x0000000020000028      0x16d
                0x0000000020000028                . = ALIGN (0x4)
                0x0000000020000028                __bss_start = .
                0x0000000020000028                __kernel_ram_start = .
 *(SORT_BY_ALIGNMENT(.bss))
 *(SORT_BY_ALIGNMENT(.bss.*))
 .bss.z_idle_threads
                0x0000000020000028       0x70 zephyr/kernel/libkernel.a(init.c.obj)
                0x0000000020000028                z_idle_threads
 .bss.z_main_thread
                0x0000000020000098       0x70 zephyr/kernel/libkernel.a(init.c.obj)
                0x0000000020000098                z_main_thread
 .bss.curr_tick
                0x0000000020000108        0x8 zephyr/kernel/libkernel.a(timeout.c.obj)
 .bss.uart_console_dev
                0x0000000020000110        0x4 zephyr/drivers/console/libdrivers__console.a(uart_console.c.obj)
 .bss.gpio_rpi_0_data
                0x0000000020000114       0x10 zephyr/drivers/gpio/libdrivers__gpio.a(gpio_rpi_pico.c.obj)
 .bss.announced_cycles
                0x0000000020000124        0x4 zephyr/drivers/timer/libdrivers__timer.a(cortex_m_systick.c.obj)
 .bss.cycle_count
                0x0000000020000128        0x4 zephyr/drivers/timer/libdrivers__timer.a(cortex_m_systick.c.obj)
 .bss.last_load
                0x000000002000012c        0x4 zephyr/drivers/timer/libdrivers__timer.a(cortex_m_systick.c.obj)
 .bss.overflow_cyc
                0x0000000020000130        0x4 zephyr/drivers/timer/libdrivers__timer.a(cortex_m_systick.c.obj)
 .bss.configured_freq
                0x0000000020000134       0x28 modules/hal_rpi_pico/libmodules__hal_rpi_pico.a(clocks.c.obj)
 .bss._kernel   0x000000002000015c       0x24 zephyr/kernel/libkernel.a(init.c.obj)
                0x000000002000015c                _kernel
 .bss.pending_current
                0x0000000020000180        0x4 zephyr/kernel/libkernel.a(sched.c.obj)
 .bss.slice_max_prio
                0x0000000020000184        0x4 zephyr/kernel/libkernel.a(sched.c.obj)
 .bss.slice_ticks
                0x0000000020000188        0x4 zephyr/kernel/libkernel.a(sched.c.obj)
 .bss.announce_remaining
                0x000000002000018c        0x4 zephyr/kernel/libkernel.a(timeout.c.obj)
 .bss.uart_char_to_line_feed
                0x0000000020000190        0x4 modules/hal_rpi_pico/libmodules__hal_rpi_pico.a(uart.c.obj)
                0x0000000020000190                uart_char_to_line_feed
 .bss.z_sys_post_kernel
                0x0000000020000194        0x1 zephyr/kernel/libkernel.a(init.c.obj)
                0x0000000020000194                z_sys_post_kernel
 .bss.sched_spinlock
                0x0000000020000195        0x0 zephyr/kernel/libkernel.a(sched.c.obj)
                0x0000000020000195                sched_spinlock
 *(SORT_BY_ALIGNMENT(COMMON))
 *(SORT_BY_ALIGNMENT(.kernel_bss.*))
                0x0000000020000198                __bss_end = ALIGN (0x4)

noinit          0x0000000020000198      0xd00
 *(SORT_BY_ALIGNMENT(.noinit))
 *(SORT_BY_ALIGNMENT(.noinit.*))
 .noinit."WEST_TOPDIR/zephyr/kernel/init.c".0
                0x0000000020000198      0x400 zephyr/kernel/libkernel.a(init.c.obj)
                0x0000000020000198                z_main_stack
 .noinit."WEST_TOPDIR/zephyr/kernel/init.c".1
                0x0000000020000598      0x100 zephyr/kernel/libkernel.a(init.c.obj)
 .noinit."WEST_TOPDIR/zephyr/kernel/init.c".2
                0x0000000020000698      0x800 zephyr/kernel/libkernel.a(init.c.obj)
                0x0000000020000698                z_interrupt_stacks
 *(SORT_BY_ALIGNMENT(.kernel_noinit.*))
                0x0000000020000e98                _image_ram_end = .
                0x0000000020000e98                _end = .
                0x0000000020042000                __kernel_ram_end = 0x20042000
                0x0000000000041fd8                __kernel_ram_size = (__kernel_ram_end - __kernel_ram_start)

.stab
 *(SORT_BY_ALIGNMENT(.stab))

.stabstr
 *(SORT_BY_ALIGNMENT(.stabstr))

.stab.excl
 *(SORT_BY_ALIGNMENT(.stab.excl))

.stab.exclstr
 *(SORT_BY_ALIGNMENT(.stab.exclstr))

.stab.index
 *(SORT_BY_ALIGNMENT(.stab.index))

.stab.indexstr
 *(SORT_BY_ALIGNMENT(.stab.indexstr))

.gnu.build.attributes
 *(SORT_BY_ALIGNMENT(.gnu.build.attributes) SORT_BY_ALIGNMENT(.gnu.build.attributes.*))

.comment        0x0000000000000000       0x20
 *(SORT_BY_ALIGNMENT(.comment))
 .comment       0x0000000000000000       0x20 zephyr/CMakeFiles/zephyr_final.dir/dev_handles.c.obj
                                         0x21 (size before relaxing)
 .comment       0x0000000000000020       0x21 zephyr/CMakeFiles/zephyr_final.dir/isr_tables.c.obj
 .comment       0x0000000000000020       0x21 zephyr/CMakeFiles/offsets.dir/./arch/arm/core/offsets/offsets.c.obj
 .comment       0x0000000000000020       0x21 app/libapp.a(main.cpp.obj)
 .comment       0x0000000000000020       0x21 zephyr/libzephyr.a(printk.c.obj)
 .comment       0x0000000000000020       0x21 zephyr/libzephyr.a(thread_entry.c.obj)
 .comment       0x0000000000000020       0x21 zephyr/libzephyr.a(cbprintf_complete.c.obj)
 .comment       0x0000000000000020       0x21 zephyr/libzephyr.a(configs.c.obj)
 .comment       0x0000000000000020       0x21 zephyr/arch/arch/arm/core/aarch32/libarch__arm__core__aarch32.a(fatal.c.obj)
 .comment       0x0000000000000020       0x21 zephyr/arch/arch/arm/core/aarch32/libarch__arm__core__aarch32.a(irq_manage.c.obj)
 .comment       0x0000000000000020       0x21 zephyr/arch/arch/arm/core/aarch32/libarch__arm__core__aarch32.a(nmi.c.obj)
 .comment       0x0000000000000020       0x21 zephyr/arch/arch/arm/core/aarch32/libarch__arm__core__aarch32.a(prep_c.c.obj)
 .comment       0x0000000000000020       0x21 zephyr/arch/arch/arm/core/aarch32/libarch__arm__core__aarch32.a(swap.c.obj)
 .comment       0x0000000000000020       0x21 zephyr/arch/arch/arm/core/aarch32/libarch__arm__core__aarch32.a(thread.c.obj)
 .comment       0x0000000000000020       0x21 zephyr/arch/arch/arm/core/aarch32/cortex_m/libarch__arm__core__aarch32__cortex_m.a(fault.c.obj)
 .comment       0x0000000000000020       0x21 zephyr/arch/arch/arm/core/aarch32/cortex_m/libarch__arm__core__aarch32__cortex_m.a(irq_init.c.obj)
 .comment       0x0000000000000020       0x21 zephyr/arch/arch/arm/core/aarch32/cortex_m/libarch__arm__core__aarch32__cortex_m.a(thread_abort.c.obj)
 .comment       0x0000000000000020       0x21 zephyr/lib/libc/minimal/liblib__libc__minimal.a(string.c.obj)
 .comment       0x0000000000000020       0x21 zephyr/lib/libc/minimal/liblib__libc__minimal.a(stdout_console.c.obj)
 .comment       0x0000000000000020       0x21 zephyr/soc/arm/rpi_pico/rp2/libsoc__arm__rpi_pico__rp2.a(soc.c.obj)
 .comment       0x0000000000000020       0x21 zephyr/drivers/console/libdrivers__console.a(uart_console.c.obj)
 .comment       0x0000000000000020       0x21 zephyr/drivers/gpio/libdrivers__gpio.a(gpio_rpi_pico.c.obj)
 .comment       0x0000000000000020       0x21 zephyr/drivers/serial/libdrivers__serial.a(uart_rpi_pico.c.obj)
 .comment       0x0000000000000020       0x21 zephyr/drivers/timer/libdrivers__timer.a(cortex_m_systick.c.obj)
 .comment       0x0000000000000020       0x21 zephyr/drivers/pinctrl/libdrivers__pinctrl.a(common.c.obj)
 .comment       0x0000000000000020       0x21 zephyr/drivers/pinctrl/libdrivers__pinctrl.a(pinctrl_rpi_pico.c.obj)
 .comment       0x0000000000000020       0x21 zephyr/drivers/reset/libdrivers__reset.a(reset_rpi_pico.c.obj)
 .comment       0x0000000000000020       0x21 modules/hal_rpi_pico/libmodules__hal_rpi_pico.a(clocks.c.obj)
 .comment       0x0000000000000020       0x21 modules/hal_rpi_pico/libmodules__hal_rpi_pico.a(pll.c.obj)
 .comment       0x0000000000000020       0x21 modules/hal_rpi_pico/libmodules__hal_rpi_pico.a(xosc.c.obj)
 .comment       0x0000000000000020       0x21 modules/hal_rpi_pico/libmodules__hal_rpi_pico.a(watchdog.c.obj)
 .comment       0x0000000000000020       0x21 modules/hal_rpi_pico/libmodules__hal_rpi_pico.a(platform.c.obj)
 .comment       0x0000000000000020       0x21 modules/hal_rpi_pico/libmodules__hal_rpi_pico.a(gpio.c.obj)
 .comment       0x0000000000000020       0x21 modules/hal_rpi_pico/libmodules__hal_rpi_pico.a(uart.c.obj)
 .comment       0x0000000000000020       0x21 zephyr/kernel/libkernel.a(device.c.obj)
 .comment       0x0000000000000020       0x21 zephyr/kernel/libkernel.a(errno.c.obj)
 .comment       0x0000000000000020       0x21 zephyr/kernel/libkernel.a(fatal.c.obj)
 .comment       0x0000000000000020       0x21 zephyr/kernel/libkernel.a(init.c.obj)
 .comment       0x0000000000000020       0x21 zephyr/kernel/libkernel.a(thread.c.obj)
 .comment       0x0000000000000020       0x21 zephyr/kernel/libkernel.a(idle.c.obj)
 .comment       0x0000000000000020       0x21 zephyr/kernel/libkernel.a(sched.c.obj)
 .comment       0x0000000000000020       0x21 zephyr/kernel/libkernel.a(xip.c.obj)
 .comment       0x0000000000000020       0x21 zephyr/kernel/libkernel.a(timeout.c.obj)
 .comment       0x0000000000000020       0x21 zephyr/kernel/libkernel.a(banner.c.obj)

.debug
 *(SORT_BY_ALIGNMENT(.debug))

.line
 *(SORT_BY_ALIGNMENT(.line))

.debug_srcinfo
 *(SORT_BY_ALIGNMENT(.debug_srcinfo))

.debug_sfnames
 *(SORT_BY_ALIGNMENT(.debug_sfnames))

.debug_aranges  0x0000000000000000      0xde8
 *(SORT_BY_ALIGNMENT(.debug_aranges))
 .debug_aranges
                0x0000000000000000       0x30 zephyr/arch/arch/arm/core/aarch32/libarch__arm__core__aarch32.a(cpu_idle.S.obj)
 .debug_aranges
                0x0000000000000030       0x20 zephyr/arch/arch/arm/core/aarch32/libarch__arm__core__aarch32.a(nmi_on_reset.S.obj)
 .debug_aranges
                0x0000000000000050       0x28 zephyr/arch/arch/arm/core/aarch32/libarch__arm__core__aarch32.a(swap_helper.S.obj)
 .debug_aranges
                0x0000000000000078       0x20 zephyr/arch/arch/arm/core/aarch32/libarch__arm__core__aarch32.a(isr_wrapper.S.obj)
 .debug_aranges
                0x0000000000000098       0x20 zephyr/arch/arch/arm/core/aarch32/cortex_m/libarch__arm__core__aarch32__cortex_m.a(exc_exit.S.obj)
 .debug_aranges
                0x00000000000000b8       0x20 zephyr/arch/arch/arm/core/aarch32/cortex_m/libarch__arm__core__aarch32__cortex_m.a(fault_s.S.obj)
 .debug_aranges
                0x00000000000000d8       0x20 zephyr/arch/arch/arm/core/aarch32/cortex_m/libarch__arm__core__aarch32__cortex_m.a(reset.S.obj)
 .debug_aranges
                0x00000000000000f8       0x18 zephyr/CMakeFiles/zephyr_final.dir/dev_handles.c.obj
 .debug_aranges
                0x0000000000000110       0x18 zephyr/CMakeFiles/zephyr_final.dir/isr_tables.c.obj
 .debug_aranges
                0x0000000000000128       0x20 zephyr/CMakeFiles/offsets.dir/./arch/arm/core/offsets/offsets.c.obj
 .debug_aranges
                0x0000000000000148       0x20 app/libapp.a(main.cpp.obj)
 .debug_aranges
                0x0000000000000168       0x68 zephyr/libzephyr.a(printk.c.obj)
 .debug_aranges
                0x00000000000001d0       0x20 zephyr/libzephyr.a(thread_entry.c.obj)
 .debug_aranges
                0x00000000000001f0       0x30 zephyr/libzephyr.a(cbprintf_complete.c.obj)
 .debug_aranges
                0x0000000000000220       0x20 zephyr/libzephyr.a(configs.c.obj)
 .debug_aranges
                0x0000000000000240       0x30 zephyr/arch/arch/arm/core/aarch32/libarch__arm__core__aarch32.a(fatal.c.obj)
 .debug_aranges
                0x0000000000000270       0x40 zephyr/arch/arch/arm/core/aarch32/libarch__arm__core__aarch32.a(irq_manage.c.obj)
 .debug_aranges
                0x00000000000002b0       0x20 zephyr/arch/arch/arm/core/aarch32/libarch__arm__core__aarch32.a(nmi.c.obj)
 .debug_aranges
                0x00000000000002d0       0x20 zephyr/arch/arch/arm/core/aarch32/libarch__arm__core__aarch32.a(prep_c.c.obj)
 .debug_aranges
                0x00000000000002f0       0x20 zephyr/arch/arch/arm/core/aarch32/libarch__arm__core__aarch32.a(swap.c.obj)
 .debug_aranges
                0x0000000000000310       0x28 zephyr/arch/arch/arm/core/aarch32/libarch__arm__core__aarch32.a(thread.c.obj)
 .debug_aranges
                0x0000000000000338       0x28 zephyr/arch/arch/arm/core/aarch32/cortex_m/libarch__arm__core__aarch32__cortex_m.a(fault.c.obj)
 .debug_aranges
                0x0000000000000360       0x20 zephyr/arch/arch/arm/core/aarch32/cortex_m/libarch__arm__core__aarch32__cortex_m.a(irq_init.c.obj)
 .debug_aranges
                0x0000000000000380       0x20 zephyr/arch/arch/arm/core/aarch32/cortex_m/libarch__arm__core__aarch32__cortex_m.a(thread_abort.c.obj)
 .debug_aranges
                0x00000000000003a0       0x98 zephyr/lib/libc/minimal/liblib__libc__minimal.a(string.c.obj)
 .debug_aranges
                0x0000000000000438       0x58 zephyr/lib/libc/minimal/liblib__libc__minimal.a(stdout_console.c.obj)
 .debug_aranges
                0x0000000000000490       0x20 zephyr/soc/arm/rpi_pico/rp2/libsoc__arm__rpi_pico__rp2.a(soc.c.obj)
 .debug_aranges
                0x00000000000004b0       0x30 zephyr/drivers/console/libdrivers__console.a(uart_console.c.obj)
 .debug_aranges
                0x00000000000004e0       0x70 zephyr/drivers/gpio/libdrivers__gpio.a(gpio_rpi_pico.c.obj)
 .debug_aranges
                0x0000000000000550       0xb8 zephyr/drivers/serial/libdrivers__serial.a(uart_rpi_pico.c.obj)
 .debug_aranges
                0x0000000000000608       0x58 zephyr/drivers/timer/libdrivers__timer.a(cortex_m_systick.c.obj)
 .debug_aranges
                0x0000000000000660       0x20 zephyr/drivers/pinctrl/libdrivers__pinctrl.a(common.c.obj)
 .debug_aranges
                0x0000000000000680       0x20 zephyr/drivers/pinctrl/libdrivers__pinctrl.a(pinctrl_rpi_pico.c.obj)
 .debug_aranges
                0x00000000000006a0       0x50 zephyr/drivers/reset/libdrivers__reset.a(reset_rpi_pico.c.obj)
 .debug_aranges
                0x00000000000006f0       0x68 modules/hal_rpi_pico/libmodules__hal_rpi_pico.a(clocks.c.obj)
 .debug_aranges
                0x0000000000000758       0x28 modules/hal_rpi_pico/libmodules__hal_rpi_pico.a(pll.c.obj)
 .debug_aranges
                0x0000000000000780       0x30 modules/hal_rpi_pico/libmodules__hal_rpi_pico.a(xosc.c.obj)
 .debug_aranges
                0x00000000000007b0       0x58 modules/hal_rpi_pico/libmodules__hal_rpi_pico.a(watchdog.c.obj)
 .debug_aranges
                0x0000000000000808       0x28 modules/hal_rpi_pico/libmodules__hal_rpi_pico.a(platform.c.obj)
 .debug_aranges
                0x0000000000000830       0xd0 modules/hal_rpi_pico/libmodules__hal_rpi_pico.a(gpio.c.obj)
 .debug_aranges
                0x0000000000000900       0x40 modules/hal_rpi_pico/libmodules__hal_rpi_pico.a(uart.c.obj)
 .debug_aranges
                0x0000000000000940       0x58 zephyr/kernel/libkernel.a(device.c.obj)
 .debug_aranges
                0x0000000000000998       0x20 zephyr/kernel/libkernel.a(errno.c.obj)
 .debug_aranges
                0x00000000000009b8       0x58 zephyr/kernel/libkernel.a(fatal.c.obj)
 .debug_aranges
                0x0000000000000a10       0x48 zephyr/kernel/libkernel.a(init.c.obj)
 .debug_aranges
                0x0000000000000a58       0xb0 zephyr/kernel/libkernel.a(thread.c.obj)
 .debug_aranges
                0x0000000000000b08       0x28 zephyr/kernel/libkernel.a(idle.c.obj)
 .debug_aranges
                0x0000000000000b30      0x1e0 zephyr/kernel/libkernel.a(sched.c.obj)
 .debug_aranges
                0x0000000000000d10       0x20 zephyr/kernel/libkernel.a(xip.c.obj)
 .debug_aranges
                0x0000000000000d30       0x98 zephyr/kernel/libkernel.a(timeout.c.obj)
 .debug_aranges
                0x0000000000000dc8       0x20 zephyr/kernel/libkernel.a(banner.c.obj)

.debug_pubnames
 *(SORT_BY_ALIGNMENT(.debug_pubnames))

.debug_info     0x0000000000000000    0x2192c
 *(SORT_BY_ALIGNMENT(.debug_info) SORT_BY_ALIGNMENT(.gnu.linkonce.wi.*))
 .debug_info    0x0000000000000000      0x16f zephyr/CMakeFiles/zephyr_final.dir/dev_handles.c.obj
 .debug_info    0x000000000000016f      0x12c zephyr/CMakeFiles/zephyr_final.dir/isr_tables.c.obj
 .debug_info    0x000000000000029b       0xca zephyr/CMakeFiles/offsets.dir/./arch/arm/core/offsets/offsets.c.obj
 .debug_info    0x0000000000000365       0x98 app/libapp.a(main.cpp.obj)
 .debug_info    0x00000000000003fd      0x5ec zephyr/libzephyr.a(printk.c.obj)
 .debug_info    0x00000000000009e9      0x5c7 zephyr/libzephyr.a(thread_entry.c.obj)
 .debug_info    0x0000000000000fb0     0x1040 zephyr/libzephyr.a(cbprintf_complete.c.obj)
 .debug_info    0x0000000000001ff0       0x38 zephyr/libzephyr.a(configs.c.obj)
 .debug_info    0x0000000000002028       0x22 zephyr/arch/arch/arm/core/aarch32/libarch__arm__core__aarch32.a(cpu_idle.S.obj)
 .debug_info    0x000000000000204a     0x25fc zephyr/arch/arch/arm/core/aarch32/libarch__arm__core__aarch32.a(fatal.c.obj)
 .debug_info    0x0000000000004646      0x4f3 zephyr/arch/arch/arm/core/aarch32/libarch__arm__core__aarch32.a(irq_manage.c.obj)
 .debug_info    0x0000000000004b39       0xc2 zephyr/arch/arch/arm/core/aarch32/libarch__arm__core__aarch32.a(nmi.c.obj)
 .debug_info    0x0000000000004bfb       0x26 zephyr/arch/arch/arm/core/aarch32/libarch__arm__core__aarch32.a(nmi_on_reset.S.obj)
 .debug_info    0x0000000000004c21      0x22d zephyr/arch/arch/arm/core/aarch32/libarch__arm__core__aarch32.a(prep_c.c.obj)
 .debug_info    0x0000000000004e4e      0x66f zephyr/arch/arch/arm/core/aarch32/libarch__arm__core__aarch32.a(swap.c.obj)
 .debug_info    0x00000000000054bd       0x22 zephyr/arch/arch/arm/core/aarch32/libarch__arm__core__aarch32.a(swap_helper.S.obj)
 .debug_info    0x00000000000054df      0x7b7 zephyr/arch/arch/arm/core/aarch32/libarch__arm__core__aarch32.a(thread.c.obj)
 .debug_info    0x0000000000005c96       0x26 zephyr/arch/arch/arm/core/aarch32/libarch__arm__core__aarch32.a(isr_wrapper.S.obj)
 .debug_info    0x0000000000005cbc       0x26 zephyr/arch/arch/arm/core/aarch32/cortex_m/libarch__arm__core__aarch32__cortex_m.a(exc_exit.S.obj)
 .debug_info    0x0000000000005ce2     0x25ad zephyr/arch/arch/arm/core/aarch32/cortex_m/libarch__arm__core__aarch32__cortex_m.a(fault.c.obj)
 .debug_info    0x000000000000828f       0x26 zephyr/arch/arch/arm/core/aarch32/cortex_m/libarch__arm__core__aarch32__cortex_m.a(fault_s.S.obj)
 .debug_info    0x00000000000082b5      0x309 zephyr/arch/arch/arm/core/aarch32/cortex_m/libarch__arm__core__aarch32__cortex_m.a(irq_init.c.obj)
 .debug_info    0x00000000000085be       0x26 zephyr/arch/arch/arm/core/aarch32/cortex_m/libarch__arm__core__aarch32__cortex_m.a(reset.S.obj)
 .debug_info    0x00000000000085e4      0x6a9 zephyr/arch/arch/arm/core/aarch32/cortex_m/libarch__arm__core__aarch32__cortex_m.a(thread_abort.c.obj)
 .debug_info    0x0000000000008c8d      0x717 zephyr/lib/libc/minimal/liblib__libc__minimal.a(string.c.obj)
 .debug_info    0x00000000000093a4      0x703 zephyr/lib/libc/minimal/liblib__libc__minimal.a(stdout_console.c.obj)
 .debug_info    0x0000000000009aa7      0x45b zephyr/soc/arm/rpi_pico/rp2/libsoc__arm__rpi_pico__rp2.a(soc.c.obj)
 .debug_info    0x0000000000009f02      0x963 zephyr/drivers/console/libdrivers__console.a(uart_console.c.obj)
 .debug_info    0x000000000000a865     0x1a36 zephyr/drivers/gpio/libdrivers__gpio.a(gpio_rpi_pico.c.obj)
 .debug_info    0x000000000000c29b     0x1327 zephyr/drivers/serial/libdrivers__serial.a(uart_rpi_pico.c.obj)
 .debug_info    0x000000000000d5c2      0xa89 zephyr/drivers/timer/libdrivers__timer.a(cortex_m_systick.c.obj)
 .debug_info    0x000000000000e04b      0x200 zephyr/drivers/pinctrl/libdrivers__pinctrl.a(common.c.obj)
 .debug_info    0x000000000000e24b      0x2a2 zephyr/drivers/pinctrl/libdrivers__pinctrl.a(pinctrl_rpi_pico.c.obj)
 .debug_info    0x000000000000e4ed      0x9ad zephyr/drivers/reset/libdrivers__reset.a(reset_rpi_pico.c.obj)
 .debug_info    0x000000000000ee9a      0xf06 modules/hal_rpi_pico/libmodules__hal_rpi_pico.a(clocks.c.obj)
 .debug_info    0x000000000000fda0      0x3ff modules/hal_rpi_pico/libmodules__hal_rpi_pico.a(pll.c.obj)
 .debug_info    0x000000000001019f      0x1b5 modules/hal_rpi_pico/libmodules__hal_rpi_pico.a(xosc.c.obj)
 .debug_info    0x0000000000010354      0x509 modules/hal_rpi_pico/libmodules__hal_rpi_pico.a(watchdog.c.obj)
 .debug_info    0x000000000001085d      0x12e modules/hal_rpi_pico/libmodules__hal_rpi_pico.a(platform.c.obj)
 .debug_info    0x000000000001098b     0x1362 modules/hal_rpi_pico/libmodules__hal_rpi_pico.a(gpio.c.obj)
 .debug_info    0x0000000000011ced      0xa7b modules/hal_rpi_pico/libmodules__hal_rpi_pico.a(uart.c.obj)
 .debug_info    0x0000000000012768      0x815 zephyr/kernel/libkernel.a(device.c.obj)
 .debug_info    0x0000000000012f7d      0x5ea zephyr/kernel/libkernel.a(errno.c.obj)
 .debug_info    0x0000000000013567     0x284a zephyr/kernel/libkernel.a(fatal.c.obj)
 .debug_info    0x0000000000015db1      0xfb4 zephyr/kernel/libkernel.a(init.c.obj)
 .debug_info    0x0000000000016d65     0x272b zephyr/kernel/libkernel.a(thread.c.obj)
 .debug_info    0x0000000000019490      0x217 zephyr/kernel/libkernel.a(idle.c.obj)
 .debug_info    0x00000000000196a7     0x6567 zephyr/kernel/libkernel.a(sched.c.obj)
 .debug_info    0x000000000001fc0e      0x118 zephyr/kernel/libkernel.a(xip.c.obj)
 .debug_info    0x000000000001fd26     0x1b07 zephyr/kernel/libkernel.a(timeout.c.obj)
 .debug_info    0x000000000002182d       0xff zephyr/kernel/libkernel.a(banner.c.obj)

.debug_abbrev   0x0000000000000000     0x692f
 *(SORT_BY_ALIGNMENT(.debug_abbrev))
 .debug_abbrev  0x0000000000000000       0x82 zephyr/CMakeFiles/zephyr_final.dir/dev_handles.c.obj
 .debug_abbrev  0x0000000000000082       0xd2 zephyr/CMakeFiles/zephyr_final.dir/isr_tables.c.obj
 .debug_abbrev  0x0000000000000154       0x62 zephyr/CMakeFiles/offsets.dir/./arch/arm/core/offsets/offsets.c.obj
 .debug_abbrev  0x00000000000001b6       0x49 app/libapp.a(main.cpp.obj)
 .debug_abbrev  0x00000000000001ff      0x2aa zephyr/libzephyr.a(printk.c.obj)
 .debug_abbrev  0x00000000000004a9      0x239 zephyr/libzephyr.a(thread_entry.c.obj)
 .debug_abbrev  0x00000000000006e2      0x3fc zephyr/libzephyr.a(cbprintf_complete.c.obj)
 .debug_abbrev  0x0000000000000ade       0x2e zephyr/libzephyr.a(configs.c.obj)
 .debug_abbrev  0x0000000000000b0c       0x12 zephyr/arch/arch/arm/core/aarch32/libarch__arm__core__aarch32.a(cpu_idle.S.obj)
 .debug_abbrev  0x0000000000000b1e      0x2f4 zephyr/arch/arch/arm/core/aarch32/libarch__arm__core__aarch32.a(fatal.c.obj)
 .debug_abbrev  0x0000000000000e12      0x224 zephyr/arch/arch/arm/core/aarch32/libarch__arm__core__aarch32.a(irq_manage.c.obj)
 .debug_abbrev  0x0000000000001036       0x64 zephyr/arch/arch/arm/core/aarch32/libarch__arm__core__aarch32.a(nmi.c.obj)
 .debug_abbrev  0x000000000000109a       0x14 zephyr/arch/arch/arm/core/aarch32/libarch__arm__core__aarch32.a(nmi_on_reset.S.obj)
 .debug_abbrev  0x00000000000010ae      0x139 zephyr/arch/arch/arm/core/aarch32/libarch__arm__core__aarch32.a(prep_c.c.obj)
 .debug_abbrev  0x00000000000011e7      0x1d9 zephyr/arch/arch/arm/core/aarch32/libarch__arm__core__aarch32.a(swap.c.obj)
 .debug_abbrev  0x00000000000013c0       0x12 zephyr/arch/arch/arm/core/aarch32/libarch__arm__core__aarch32.a(swap_helper.S.obj)
 .debug_abbrev  0x00000000000013d2      0x1ef zephyr/arch/arch/arm/core/aarch32/libarch__arm__core__aarch32.a(thread.c.obj)
 .debug_abbrev  0x00000000000015c1       0x14 zephyr/arch/arch/arm/core/aarch32/libarch__arm__core__aarch32.a(isr_wrapper.S.obj)
 .debug_abbrev  0x00000000000015d5       0x14 zephyr/arch/arch/arm/core/aarch32/cortex_m/libarch__arm__core__aarch32__cortex_m.a(exc_exit.S.obj)
 .debug_abbrev  0x00000000000015e9      0x3a0 zephyr/arch/arch/arm/core/aarch32/cortex_m/libarch__arm__core__aarch32__cortex_m.a(fault.c.obj)
 .debug_abbrev  0x0000000000001989       0x14 zephyr/arch/arch/arm/core/aarch32/cortex_m/libarch__arm__core__aarch32__cortex_m.a(fault_s.S.obj)
 .debug_abbrev  0x000000000000199d      0x15f zephyr/arch/arch/arm/core/aarch32/cortex_m/libarch__arm__core__aarch32__cortex_m.a(irq_init.c.obj)
 .debug_abbrev  0x0000000000001afc       0x14 zephyr/arch/arch/arm/core/aarch32/cortex_m/libarch__arm__core__aarch32__cortex_m.a(reset.S.obj)
 .debug_abbrev  0x0000000000001b10      0x222 zephyr/arch/arch/arm/core/aarch32/cortex_m/libarch__arm__core__aarch32__cortex_m.a(thread_abort.c.obj)
 .debug_abbrev  0x0000000000001d32      0x182 zephyr/lib/libc/minimal/liblib__libc__minimal.a(string.c.obj)
 .debug_abbrev  0x0000000000001eb4      0x276 zephyr/lib/libc/minimal/liblib__libc__minimal.a(stdout_console.c.obj)
 .debug_abbrev  0x000000000000212a      0x20a zephyr/soc/arm/rpi_pico/rp2/libsoc__arm__rpi_pico__rp2.a(soc.c.obj)
 .debug_abbrev  0x0000000000002334      0x39a zephyr/drivers/console/libdrivers__console.a(uart_console.c.obj)
 .debug_abbrev  0x00000000000026ce      0x4a0 zephyr/drivers/gpio/libdrivers__gpio.a(gpio_rpi_pico.c.obj)
 .debug_abbrev  0x0000000000002b6e      0x40e zephyr/drivers/serial/libdrivers__serial.a(uart_rpi_pico.c.obj)
 .debug_abbrev  0x0000000000002f7c      0x3f8 zephyr/drivers/timer/libdrivers__timer.a(cortex_m_systick.c.obj)
 .debug_abbrev  0x0000000000003374       0xe7 zephyr/drivers/pinctrl/libdrivers__pinctrl.a(common.c.obj)
 .debug_abbrev  0x000000000000345b      0x160 zephyr/drivers/pinctrl/libdrivers__pinctrl.a(pinctrl_rpi_pico.c.obj)
 .debug_abbrev  0x00000000000035bb      0x2f7 zephyr/drivers/reset/libdrivers__reset.a(reset_rpi_pico.c.obj)
 .debug_abbrev  0x00000000000038b2      0x42d modules/hal_rpi_pico/libmodules__hal_rpi_pico.a(clocks.c.obj)
 .debug_abbrev  0x0000000000003cdf      0x1a8 modules/hal_rpi_pico/libmodules__hal_rpi_pico.a(pll.c.obj)
 .debug_abbrev  0x0000000000003e87      0x107 modules/hal_rpi_pico/libmodules__hal_rpi_pico.a(xosc.c.obj)
 .debug_abbrev  0x0000000000003f8e      0x1fd modules/hal_rpi_pico/libmodules__hal_rpi_pico.a(watchdog.c.obj)
 .debug_abbrev  0x000000000000418b       0x95 modules/hal_rpi_pico/libmodules__hal_rpi_pico.a(platform.c.obj)
 .debug_abbrev  0x0000000000004220      0x33c modules/hal_rpi_pico/libmodules__hal_rpi_pico.a(gpio.c.obj)
 .debug_abbrev  0x000000000000455c      0x304 modules/hal_rpi_pico/libmodules__hal_rpi_pico.a(uart.c.obj)
 .debug_abbrev  0x0000000000004860      0x318 zephyr/kernel/libkernel.a(device.c.obj)
 .debug_abbrev  0x0000000000004b78      0x17c zephyr/kernel/libkernel.a(errno.c.obj)
 .debug_abbrev  0x0000000000004cf4      0x41e zephyr/kernel/libkernel.a(fatal.c.obj)
 .debug_abbrev  0x0000000000005112      0x49f zephyr/kernel/libkernel.a(init.c.obj)
 .debug_abbrev  0x00000000000055b1      0x5aa zephyr/kernel/libkernel.a(thread.c.obj)
 .debug_abbrev  0x0000000000005b5b      0x13b zephyr/kernel/libkernel.a(idle.c.obj)
 .debug_abbrev  0x0000000000005c96      0x676 zephyr/kernel/libkernel.a(sched.c.obj)
 .debug_abbrev  0x000000000000630c       0xa7 zephyr/kernel/libkernel.a(xip.c.obj)
 .debug_abbrev  0x00000000000063b3      0x4c7 zephyr/kernel/libkernel.a(timeout.c.obj)
 .debug_abbrev  0x000000000000687a       0xb5 zephyr/kernel/libkernel.a(banner.c.obj)

.debug_line     0x0000000000000000    0x1128c
 *(SORT_BY_ALIGNMENT(.debug_line) SORT_BY_ALIGNMENT(.debug_line.*) SORT_BY_ALIGNMENT(.debug_line_end))
 .debug_line    0x0000000000000000      0x131 zephyr/CMakeFiles/zephyr_final.dir/dev_handles.c.obj
 .debug_line    0x0000000000000131      0x12a zephyr/CMakeFiles/zephyr_final.dir/isr_tables.c.obj
 .debug_line    0x000000000000025b      0x177 zephyr/CMakeFiles/offsets.dir/./arch/arm/core/offsets/offsets.c.obj
 .debug_line    0x00000000000003d2       0x8f app/libapp.a(main.cpp.obj)
 .debug_line    0x0000000000000461      0x442 zephyr/libzephyr.a(printk.c.obj)
 .debug_line    0x00000000000008a3      0x395 zephyr/libzephyr.a(thread_entry.c.obj)
 .debug_line    0x0000000000000c38      0xcab zephyr/libzephyr.a(cbprintf_complete.c.obj)
 .debug_line    0x00000000000018e3      0x16e zephyr/libzephyr.a(configs.c.obj)
 .debug_line    0x0000000000001a51       0xaf zephyr/arch/arch/arm/core/aarch32/libarch__arm__core__aarch32.a(cpu_idle.S.obj)
 .debug_line    0x0000000000001b00      0x367 zephyr/arch/arch/arm/core/aarch32/libarch__arm__core__aarch32.a(fatal.c.obj)
 .debug_line    0x0000000000001e67      0x371 zephyr/arch/arch/arm/core/aarch32/libarch__arm__core__aarch32.a(irq_manage.c.obj)
 .debug_line    0x00000000000021d8       0xe9 zephyr/arch/arch/arm/core/aarch32/libarch__arm__core__aarch32.a(nmi.c.obj)
 .debug_line    0x00000000000022c1       0x83 zephyr/arch/arch/arm/core/aarch32/libarch__arm__core__aarch32.a(nmi_on_reset.S.obj)
 .debug_line    0x0000000000002344      0x285 zephyr/arch/arch/arm/core/aarch32/libarch__arm__core__aarch32.a(prep_c.c.obj)
 .debug_line    0x00000000000025c9      0x3cc zephyr/arch/arch/arm/core/aarch32/libarch__arm__core__aarch32.a(swap.c.obj)
 .debug_line    0x0000000000002995       0xec zephyr/arch/arch/arm/core/aarch32/libarch__arm__core__aarch32.a(swap_helper.S.obj)
 .debug_line    0x0000000000002a81      0x3bd zephyr/arch/arch/arm/core/aarch32/libarch__arm__core__aarch32.a(thread.c.obj)
 .debug_line    0x0000000000002e3e       0xa0 zephyr/arch/arch/arm/core/aarch32/libarch__arm__core__aarch32.a(isr_wrapper.S.obj)
 .debug_line    0x0000000000002ede       0x97 zephyr/arch/arch/arm/core/aarch32/cortex_m/libarch__arm__core__aarch32__cortex_m.a(exc_exit.S.obj)
 .debug_line    0x0000000000002f75      0x4e7 zephyr/arch/arch/arm/core/aarch32/cortex_m/libarch__arm__core__aarch32__cortex_m.a(fault.c.obj)
 .debug_line    0x000000000000345c       0x90 zephyr/arch/arch/arm/core/aarch32/cortex_m/libarch__arm__core__aarch32__cortex_m.a(fault_s.S.obj)
 .debug_line    0x00000000000034ec      0x25b zephyr/arch/arch/arm/core/aarch32/cortex_m/libarch__arm__core__aarch32__cortex_m.a(irq_init.c.obj)
 .debug_line    0x0000000000003747       0x95 zephyr/arch/arch/arm/core/aarch32/cortex_m/libarch__arm__core__aarch32__cortex_m.a(reset.S.obj)
 .debug_line    0x00000000000037dc      0x481 zephyr/arch/arch/arm/core/aarch32/cortex_m/libarch__arm__core__aarch32__cortex_m.a(thread_abort.c.obj)
 .debug_line    0x0000000000003c5d      0x5f1 zephyr/lib/libc/minimal/liblib__libc__minimal.a(string.c.obj)
 .debug_line    0x000000000000424e      0x43a zephyr/lib/libc/minimal/liblib__libc__minimal.a(stdout_console.c.obj)
 .debug_line    0x0000000000004688      0x516 zephyr/soc/arm/rpi_pico/rp2/libsoc__arm__rpi_pico__rp2.a(soc.c.obj)
 .debug_line    0x0000000000004b9e      0x3f2 zephyr/drivers/console/libdrivers__console.a(uart_console.c.obj)
 .debug_line    0x0000000000004f90      0xb66 zephyr/drivers/gpio/libdrivers__gpio.a(gpio_rpi_pico.c.obj)
 .debug_line    0x0000000000005af6      0x9a5 zephyr/drivers/serial/libdrivers__serial.a(uart_rpi_pico.c.obj)
 .debug_line    0x000000000000649b      0x898 zephyr/drivers/timer/libdrivers__timer.a(cortex_m_systick.c.obj)
 .debug_line    0x0000000000006d33      0x1af zephyr/drivers/pinctrl/libdrivers__pinctrl.a(common.c.obj)
 .debug_line    0x0000000000006ee2      0x31c zephyr/drivers/pinctrl/libdrivers__pinctrl.a(pinctrl_rpi_pico.c.obj)
 .debug_line    0x00000000000071fe      0x50f zephyr/drivers/reset/libdrivers__reset.a(reset_rpi_pico.c.obj)
 .debug_line    0x000000000000770d      0xb99 modules/hal_rpi_pico/libmodules__hal_rpi_pico.a(clocks.c.obj)
 .debug_line    0x00000000000082a6      0x5c1 modules/hal_rpi_pico/libmodules__hal_rpi_pico.a(pll.c.obj)
 .debug_line    0x0000000000008867      0x2cc modules/hal_rpi_pico/libmodules__hal_rpi_pico.a(xosc.c.obj)
 .debug_line    0x0000000000008b33      0x4bb modules/hal_rpi_pico/libmodules__hal_rpi_pico.a(watchdog.c.obj)
 .debug_line    0x0000000000008fee      0x21c modules/hal_rpi_pico/libmodules__hal_rpi_pico.a(platform.c.obj)
 .debug_line    0x000000000000920a      0xbdb modules/hal_rpi_pico/libmodules__hal_rpi_pico.a(gpio.c.obj)
 .debug_line    0x0000000000009de5      0x8cc modules/hal_rpi_pico/libmodules__hal_rpi_pico.a(uart.c.obj)
 .debug_line    0x000000000000a6b1      0x553 zephyr/kernel/libkernel.a(device.c.obj)
 .debug_line    0x000000000000ac04      0x3a0 zephyr/kernel/libkernel.a(errno.c.obj)
 .debug_line    0x000000000000afa4      0x640 zephyr/kernel/libkernel.a(fatal.c.obj)
 .debug_line    0x000000000000b5e4      0x93e zephyr/kernel/libkernel.a(init.c.obj)
 .debug_line    0x000000000000bf22      0xc85 zephyr/kernel/libkernel.a(thread.c.obj)
 .debug_line    0x000000000000cba7      0x2d2 zephyr/kernel/libkernel.a(idle.c.obj)
 .debug_line    0x000000000000ce79     0x3143 zephyr/kernel/libkernel.a(sched.c.obj)
 .debug_line    0x000000000000ffbc      0x18b zephyr/kernel/libkernel.a(xip.c.obj)
 .debug_line    0x0000000000010147      0xfa1 zephyr/kernel/libkernel.a(timeout.c.obj)
 .debug_line    0x00000000000110e8      0x1a4 zephyr/kernel/libkernel.a(banner.c.obj)

.debug_frame    0x0000000000000000     0x1cc0
 *(SORT_BY_ALIGNMENT(.debug_frame))
 .debug_frame   0x0000000000000000       0x20 zephyr/CMakeFiles/offsets.dir/./arch/arm/core/offsets/offsets.c.obj
 .debug_frame   0x0000000000000020       0x20 app/libapp.a(main.cpp.obj)
 .debug_frame   0x0000000000000040      0x108 zephyr/libzephyr.a(printk.c.obj)
 .debug_frame   0x0000000000000148       0x28 zephyr/libzephyr.a(thread_entry.c.obj)
 .debug_frame   0x0000000000000170       0x74 zephyr/libzephyr.a(cbprintf_complete.c.obj)
 .debug_frame   0x00000000000001e4       0x20 zephyr/libzephyr.a(configs.c.obj)
 .debug_frame   0x0000000000000204       0x5c zephyr/arch/arch/arm/core/aarch32/libarch__arm__core__aarch32.a(fatal.c.obj)
 .debug_frame   0x0000000000000260       0x74 zephyr/arch/arch/arm/core/aarch32/libarch__arm__core__aarch32.a(irq_manage.c.obj)
 .debug_frame   0x00000000000002d4       0x28 zephyr/arch/arch/arm/core/aarch32/libarch__arm__core__aarch32.a(nmi.c.obj)
 .debug_frame   0x00000000000002fc       0x28 zephyr/arch/arch/arm/core/aarch32/libarch__arm__core__aarch32.a(prep_c.c.obj)
 .debug_frame   0x0000000000000324       0x20 zephyr/arch/arch/arm/core/aarch32/libarch__arm__core__aarch32.a(swap.c.obj)
 .debug_frame   0x0000000000000344       0x38 zephyr/arch/arch/arm/core/aarch32/libarch__arm__core__aarch32.a(thread.c.obj)
 .debug_frame   0x000000000000037c       0x40 zephyr/arch/arch/arm/core/aarch32/cortex_m/libarch__arm__core__aarch32__cortex_m.a(fault.c.obj)
 .debug_frame   0x00000000000003bc       0x30 zephyr/arch/arch/arm/core/aarch32/cortex_m/libarch__arm__core__aarch32__cortex_m.a(irq_init.c.obj)
 .debug_frame   0x00000000000003ec       0x28 zephyr/arch/arch/arm/core/aarch32/cortex_m/libarch__arm__core__aarch32__cortex_m.a(thread_abort.c.obj)
 .debug_frame   0x0000000000000414      0x174 zephyr/lib/libc/minimal/liblib__libc__minimal.a(string.c.obj)
 .debug_frame   0x0000000000000588       0xd0 zephyr/lib/libc/minimal/liblib__libc__minimal.a(stdout_console.c.obj)
 .debug_frame   0x0000000000000658       0x2c zephyr/soc/arm/rpi_pico/rp2/libsoc__arm__rpi_pico__rp2.a(soc.c.obj)
 .debug_frame   0x0000000000000684       0x54 zephyr/drivers/console/libdrivers__console.a(uart_console.c.obj)
 .debug_frame   0x00000000000006d8      0x114 zephyr/drivers/gpio/libdrivers__gpio.a(gpio_rpi_pico.c.obj)
 .debug_frame   0x00000000000007ec      0x198 zephyr/drivers/serial/libdrivers__serial.a(uart_rpi_pico.c.obj)
 .debug_frame   0x0000000000000984       0xc8 zephyr/drivers/timer/libdrivers__timer.a(cortex_m_systick.c.obj)
 .debug_frame   0x0000000000000a4c       0x2c zephyr/drivers/pinctrl/libdrivers__pinctrl.a(common.c.obj)
 .debug_frame   0x0000000000000a78       0x30 zephyr/drivers/pinctrl/libdrivers__pinctrl.a(pinctrl_rpi_pico.c.obj)
 .debug_frame   0x0000000000000aa8       0xc0 zephyr/drivers/reset/libdrivers__reset.a(reset_rpi_pico.c.obj)
 .debug_frame   0x0000000000000b68      0x10c modules/hal_rpi_pico/libmodules__hal_rpi_pico.a(clocks.c.obj)
 .debug_frame   0x0000000000000c74       0x40 modules/hal_rpi_pico/libmodules__hal_rpi_pico.a(pll.c.obj)
 .debug_frame   0x0000000000000cb4       0x40 modules/hal_rpi_pico/libmodules__hal_rpi_pico.a(xosc.c.obj)
 .debug_frame   0x0000000000000cf4       0xac modules/hal_rpi_pico/libmodules__hal_rpi_pico.a(watchdog.c.obj)
 .debug_frame   0x0000000000000da0       0x30 modules/hal_rpi_pico/libmodules__hal_rpi_pico.a(platform.c.obj)
 .debug_frame   0x0000000000000dd0      0x1d8 modules/hal_rpi_pico/libmodules__hal_rpi_pico.a(gpio.c.obj)
 .debug_frame   0x0000000000000fa8       0x84 modules/hal_rpi_pico/libmodules__hal_rpi_pico.a(uart.c.obj)
 .debug_frame   0x000000000000102c       0xd8 zephyr/kernel/libkernel.a(device.c.obj)
 .debug_frame   0x0000000000001104       0x20 zephyr/kernel/libkernel.a(errno.c.obj)
 .debug_frame   0x0000000000001124       0xc0 zephyr/kernel/libkernel.a(fatal.c.obj)
 .debug_frame   0x00000000000011e4       0xb4 zephyr/kernel/libkernel.a(init.c.obj)
 .debug_frame   0x0000000000001298      0x1b4 zephyr/kernel/libkernel.a(thread.c.obj)
 .debug_frame   0x000000000000144c       0x40 zephyr/kernel/libkernel.a(idle.c.obj)
 .debug_frame   0x000000000000148c      0x5a4 zephyr/kernel/libkernel.a(sched.c.obj)
 .debug_frame   0x0000000000001a30       0x28 zephyr/kernel/libkernel.a(xip.c.obj)
 .debug_frame   0x0000000000001a58      0x1bc zephyr/kernel/libkernel.a(timeout.c.obj)
 .debug_frame   0x0000000000001c14       0x28 zephyr/kernel/libkernel.a(banner.c.obj)
 .debug_frame   0x0000000000001c3c       0x20 c:/users/ecosh/documents/zephyr-sdk-0.14.2/zephyr-sdk-0.14.2/arm-zephyr-eabi/bin/../lib/gcc/arm-zephyr-eabi/10.3.0/thumb/v6-m/nofp\libgcc.a(_udivsi3.o)
 .debug_frame   0x0000000000001c5c       0x34 c:/users/ecosh/documents/zephyr-sdk-0.14.2/zephyr-sdk-0.14.2/arm-zephyr-eabi/bin/../lib/gcc/arm-zephyr-eabi/10.3.0/thumb/v6-m/nofp\libgcc.a(_muldi3.o)
 .debug_frame   0x0000000000001c90       0x30 c:/users/ecosh/documents/zephyr-sdk-0.14.2/zephyr-sdk-0.14.2/arm-zephyr-eabi/bin/../lib/gcc/arm-zephyr-eabi/10.3.0/thumb/v6-m/nofp\libgcc.a(_udivmoddi4.o)

.debug_str      0x0000000000000000     0x5828
 *(SORT_BY_ALIGNMENT(.debug_str))
 .debug_str     0x0000000000000000      0x413 zephyr/CMakeFiles/zephyr_final.dir/dev_handles.c.obj
                                        0x454 (size before relaxing)
 .debug_str     0x0000000000000413       0xa3 zephyr/CMakeFiles/zephyr_final.dir/isr_tables.c.obj
                                        0x2a5 (size before relaxing)
 .debug_str     0x00000000000004b6      0x101 zephyr/CMakeFiles/offsets.dir/./arch/arm/core/offsets/offsets.c.obj
                                        0x303 (size before relaxing)
 .debug_str     0x00000000000005b7      0x1a5 app/libapp.a(main.cpp.obj)
                                        0x293 (size before relaxing)
 .debug_str     0x000000000000075c      0x122 zephyr/libzephyr.a(printk.c.obj)
                                        0x4c8 (size before relaxing)
 .debug_str     0x000000000000087e      0x212 zephyr/libzephyr.a(thread_entry.c.obj)
                                        0x4be (size before relaxing)
 .debug_str     0x0000000000000a90      0x383 zephyr/libzephyr.a(cbprintf_complete.c.obj)
                                        0x61f (size before relaxing)
 .debug_str     0x0000000000000e13       0x83 zephyr/libzephyr.a(configs.c.obj)
                                        0x1ea (size before relaxing)
 .debug_str     0x0000000000000e96       0x5d zephyr/arch/arch/arm/core/aarch32/libarch__arm__core__aarch32.a(cpu_idle.S.obj)
                                         0xb1 (size before relaxing)
 .debug_str     0x0000000000000ef3      0x528 zephyr/arch/arch/arm/core/aarch32/libarch__arm__core__aarch32.a(fatal.c.obj)
                                        0x7e3 (size before relaxing)
 .debug_str     0x000000000000141b      0x1eb zephyr/arch/arch/arm/core/aarch32/libarch__arm__core__aarch32.a(irq_manage.c.obj)
                                        0x496 (size before relaxing)
 .debug_str     0x0000000000001606       0x73 zephyr/arch/arch/arm/core/aarch32/libarch__arm__core__aarch32.a(nmi.c.obj)
                                        0x275 (size before relaxing)
 .debug_str     0x0000000000001679       0x53 zephyr/arch/arch/arm/core/aarch32/libarch__arm__core__aarch32.a(nmi_on_reset.S.obj)
                                         0xb5 (size before relaxing)
 .debug_str     0x00000000000016cc       0xb3 zephyr/arch/arch/arm/core/aarch32/libarch__arm__core__aarch32.a(prep_c.c.obj)
                                        0x303 (size before relaxing)
 .debug_str     0x000000000000177f       0xa8 zephyr/arch/arch/arm/core/aarch32/libarch__arm__core__aarch32.a(swap.c.obj)
                                        0x503 (size before relaxing)
 .debug_str     0x0000000000001827       0x52 zephyr/arch/arch/arm/core/aarch32/libarch__arm__core__aarch32.a(swap_helper.S.obj)
                                         0xb4 (size before relaxing)
 .debug_str     0x0000000000001879       0xce zephyr/arch/arch/arm/core/aarch32/libarch__arm__core__aarch32.a(thread.c.obj)
                                        0x57a (size before relaxing)
 .debug_str     0x0000000000001947       0x52 zephyr/arch/arch/arm/core/aarch32/libarch__arm__core__aarch32.a(isr_wrapper.S.obj)
                                         0xb4 (size before relaxing)
 .debug_str     0x0000000000001999       0x58 zephyr/arch/arch/arm/core/aarch32/cortex_m/libarch__arm__core__aarch32__cortex_m.a(exc_exit.S.obj)
                                         0xba (size before relaxing)
 .debug_str     0x00000000000019f1      0x13f zephyr/arch/arch/arm/core/aarch32/cortex_m/libarch__arm__core__aarch32__cortex_m.a(fault.c.obj)
                                        0x8be (size before relaxing)